Component: ARM Compiler 5.06 update 6 (build 750) Tool: armlink [4d35ed]

==============================================================================

Section Cross References

    startup_stm32f401xe.o(RESET) refers to startup_stm32f401xe.o(STACK) for __initial_sp
    startup_stm32f401xe.o(RESET) refers to startup_stm32f401xe.o(.text) for Reset_Handler
    startup_stm32f401xe.o(RESET) refers to stm32f4xx_it.o(i.NMI_Handler) for NMI_Handler
    startup_stm32f401xe.o(RESET) refers to stm32f4xx_it.o(i.HardFault_Handler) for HardFault_Handler
    startup_stm32f401xe.o(RESET) refers to stm32f4xx_it.o(i.MemManage_Handler) for MemManage_Handler
    startup_stm32f401xe.o(RESET) refers to stm32f4xx_it.o(i.BusFault_Handler) for BusFault_Handler
    startup_stm32f401xe.o(RESET) refers to stm32f4xx_it.o(i.UsageFault_Handler) for UsageFault_Handler
    startup_stm32f401xe.o(RESET) refers to stm32f4xx_it.o(i.SVC_Handler) for SVC_Handler
    startup_stm32f401xe.o(RESET) refers to stm32f4xx_it.o(i.DebugMon_Handler) for DebugMon_Handler
    startup_stm32f401xe.o(RESET) refers to stm32f4xx_it.o(i.PendSV_Handler) for PendSV_Handler
    startup_stm32f401xe.o(RESET) refers to stm32f4xx_it.o(i.SysTick_Handler) for SysTick_Handler
    startup_stm32f401xe.o(RESET) refers to stm32f4xx_it.o(i.I2C2_EV_IRQHandler) for I2C2_EV_IRQHandler
    startup_stm32f401xe.o(RESET) refers to stm32f4xx_it.o(i.USART2_IRQHandler) for USART2_IRQHandler
    startup_stm32f401xe.o(.text) refers to system_stm32f4xx.o(i.SystemInit) for SystemInit
    startup_stm32f401xe.o(.text) refers to entry.o(.ARM.Collect$$$$00000000) for __main
    arch.o(i.android_orient_cb) refers to log_stm32.o(i._MLPrintLog) for _MLPrintLog
    arch.o(i.arch) refers to inv_mpu.o(i.mpu_init) for mpu_init
    arch.o(i.arch) refers to log_stm32.o(i._MLPrintLog) for _MLPrintLog
    arch.o(i.arch) refers to mpl.o(i.inv_init_mpl) for inv_init_mpl
    arch.o(i.arch) refers to quaternion_supervisor.o(.text) for inv_enable_quaternion
    arch.o(i.arch) refers to fusion_9axis.o(.text) for inv_enable_9x_sensor_fusion
    arch.o(i.arch) refers to fast_no_motion.o(.text) for inv_enable_fast_nomot
    arch.o(i.arch) refers to gyro_tc.o(.text) for inv_enable_gyro_tc
    arch.o(i.arch) refers to compass_vec_cal.o(.text) for inv_enable_vector_compass_cal
    arch.o(i.arch) refers to mag_disturb.o(.text) for inv_enable_magnetic_disturbance
    arch.o(i.arch) refers to empl_outputs.o(i.inv_enable_eMPL_outputs) for inv_enable_eMPL_outputs
    arch.o(i.arch) refers to mpl.o(i.inv_start_mpl) for inv_start_mpl
    arch.o(i.arch) refers to inv_mpu.o(i.mpu_set_sensors) for mpu_set_sensors
    arch.o(i.arch) refers to inv_mpu.o(i.mpu_configure_fifo) for mpu_configure_fifo
    arch.o(i.arch) refers to inv_mpu.o(i.mpu_set_sample_rate) for mpu_set_sample_rate
    arch.o(i.arch) refers to inv_mpu.o(i.mpu_set_compass_sample_rate) for mpu_set_compass_sample_rate
    arch.o(i.arch) refers to inv_mpu.o(i.mpu_get_sample_rate) for mpu_get_sample_rate
    arch.o(i.arch) refers to inv_mpu.o(i.mpu_get_gyro_fsr) for mpu_get_gyro_fsr
    arch.o(i.arch) refers to inv_mpu.o(i.mpu_get_accel_fsr) for mpu_get_accel_fsr
    arch.o(i.arch) refers to inv_mpu.o(i.mpu_get_compass_fsr) for mpu_get_compass_fsr
    arch.o(i.arch) refers to data_builder.o(i.inv_set_gyro_sample_rate) for inv_set_gyro_sample_rate
    arch.o(i.arch) refers to data_builder.o(i.inv_set_accel_sample_rate) for inv_set_accel_sample_rate
    arch.o(i.arch) refers to data_builder.o(i.inv_set_compass_sample_rate) for inv_set_compass_sample_rate
    arch.o(i.arch) refers to ml_math_func.o(i.inv_orientation_matrix_to_scalar) for inv_orientation_matrix_to_scalar
    arch.o(i.arch) refers to data_builder.o(i.inv_set_gyro_orientation_and_scale) for inv_set_gyro_orientation_and_scale
    arch.o(i.arch) refers to data_builder.o(i.inv_set_accel_orientation_and_scale) for inv_set_accel_orientation_and_scale
    arch.o(i.arch) refers to data_builder.o(i.inv_set_compass_orientation_and_scale) for inv_set_compass_orientation_and_scale
    arch.o(i.arch) refers to board_resource.o(i.get_tick_count) for get_tick_count
    arch.o(i.arch) refers to inv_mpu_dmp_motion_driver.o(i.dmp_load_motion_driver_firmware) for dmp_load_motion_driver_firmware
    arch.o(i.arch) refers to inv_mpu_dmp_motion_driver.o(i.dmp_set_orientation) for dmp_set_orientation
    arch.o(i.arch) refers to inv_mpu_dmp_motion_driver.o(i.dmp_register_tap_cb) for dmp_register_tap_cb
    arch.o(i.arch) refers to inv_mpu_dmp_motion_driver.o(i.dmp_register_android_orient_cb) for dmp_register_android_orient_cb
    arch.o(i.arch) refers to inv_mpu_dmp_motion_driver.o(i.dmp_enable_feature) for dmp_enable_feature
    arch.o(i.arch) refers to inv_mpu_dmp_motion_driver.o(i.dmp_set_fifo_rate) for dmp_set_fifo_rate
    arch.o(i.arch) refers to inv_mpu.o(i.mpu_set_dmp_state) for mpu_set_dmp_state
    arch.o(i.arch) refers to arch.o(i.handle_input) for handle_input
[...]
    __aeabi_dmul                             0x08005ab3   Thumb Code   228  dmul.o(.text)
    __aeabi_ddiv                             0x08005b97   Thumb Code   222  ddiv.o(.text)
    __aeabi_l2f                              0x08005c75   Thumb Code    44  ffltl.o(.text)
    __aeabi_i2d                              0x08005ca1   Thumb Code    34  dflti.o(.text)
    __aeabi_f2lz                             0x08005cc3   Thumb Code    66  ffixl.o(.text)
    __aeabi_d2iz                             0x08005d05   Thumb Code    62  dfixi.o(.text)
    __aeabi_f2d                              0x08005d43   Thumb Code    38  f2d.o(.text)
    __aeabi_cdcmpeq                          0x08005d69   Thumb Code     0  cdcmple.o(.text)
    __aeabi_cdcmple                          0x08005d69   Thumb Code    48  cdcmple.o(.text)
    __aeabi_cdrcmple                         0x08005d99   Thumb Code    48  cdrcmple.o(.text)
    __aeabi_d2f                              0x08005dc9   Thumb Code    56  d2f.o(.text)
    __aeabi_uidiv                            0x08005e01   Thumb Code     0  uidiv.o(.text)
    __aeabi_uidivmod                         0x08005e01   Thumb Code    44  uidiv.o(.text)
    __aeabi_llsr                             0x08005e2d   Thumb Code    32  llushr.o(.text)
    _ll_ushift_r                             0x08005e2d   Thumb Code     0  llushr.o(.text)
    __I$use$fp                               0x08005e4d   Thumb Code     0  iusefp.o(.text)
    _float_round                             0x08005e4d   Thumb Code    18  fepilogue.o(.text)
    _float_epilogue                          0x08005e5f   Thumb Code    92  fepilogue.o(.text)
    _double_round                            0x08005ebb   Thumb Code    30  depilogue.o(.text)
    _double_epilogue                         0x08005ed9   Thumb Code   156  depilogue.o(.text)
    _dsqrt                                   0x08005f75   Thumb Code   162  dsqrt.o(.text)
    __aeabi_d2ulz                            0x08006017   Thumb Code    48  dfixul.o(.text)
    __scatterload                            0x08006049   Thumb Code    28  init.o(.text)
    __scatterload_rt2                        0x08006049   Thumb Code     0  init.o(.text)
    __aeabi_ui2d                             0x0800606d   Thumb Code    26  dfltui.o(.text)
    BusFault_Handler                         0x08006087   Thumb Code     4  stm32f4xx_it.o(i.BusFault_Handler)
    DebugMon_Handler                         0x0800608b   Thumb Code     2  stm32f4xx_it.o(i.DebugMon_Handler)
    Error_Handler                            0x0800608d   Thumb Code     2  main.o(i.Error_Handler)
    Get_I2C_Retry                            0x08006091   Thumb Code     6  board_resource.o(i.Get_I2C_Retry)
    HAL_DMA_Abort_IT                         0x0800609d   Thumb Code    40  stm32f4xx_hal_dma.o(i.HAL_DMA_Abort_IT)
    HAL_DMA_GetState                         0x080060c5   Thumb Code     8  stm32f4xx_hal_dma.o(i.HAL_DMA_GetState)
    HAL_Delay                                0x080060cd   Thumb Code    36  stm32f4xx_hal.o(i.HAL_Delay)
    HAL_GPIO_DeInit                          0x080060f5   Thumb Code   282  stm32f4xx_hal_gpio.o(i.HAL_GPIO_DeInit)
    HAL_GPIO_Init                            0x0800622d   Thumb Code   436  stm32f4xx_hal_gpio.o(i.HAL_GPIO_Init)
    HAL_GetTick                              0x08006401   Thumb Code     6  stm32f4xx_hal.o(i.HAL_GetTick)
    HAL_I2C_AbortCpltCallback                0x0800640d   Thumb Code     2  stm32f4xx_hal_i2c.o(i.HAL_I2C_AbortCpltCallback)
    HAL_I2C_AddrCallback                     0x0800640f   Thumb Code     2  stm32f4xx_hal_i2c.o(i.HAL_I2C_AddrCallback)
    HAL_I2C_DeInit                           0x08006411   Thumb Code    60  stm32f4xx_hal_i2c.o(i.HAL_I2C_DeInit)
    HAL_I2C_EV_IRQHandler                    0x0800644d   Thumb Code   452  stm32f4xx_hal_i2c.o(i.HAL_I2C_EV_IRQHandler)
    HAL_I2C_ErrorCallback                    0x08006611   Thumb Code     2  stm32f4xx_hal_i2c.o(i.HAL_I2C_ErrorCallback)
    HAL_I2C_Init                             0x08006615   Thumb Code   422  stm32f4xx_hal_i2c.o(i.HAL_I2C_Init)
    HAL_I2C_ListenCpltCallback               0x080067cd   Thumb Code     2  stm32f4xx_hal_i2c.o(i.HAL_I2C_ListenCpltCallback)
    HAL_I2C_MasterRxCpltCallback             0x080067cf   Thumb Code     2  stm32f4xx_hal_i2c.o(i.HAL_I2C_MasterRxCpltCallback)
    HAL_I2C_MasterTxCpltCallback             0x080067d1   Thumb Code     2  stm32f4xx_hal_i2c.o(i.HAL_I2C_MasterTxCpltCallback)
    HAL_I2C_MemRxCpltCallback                0x080067d3   Thumb Code     2  stm32f4xx_hal_i2c.o(i.HAL_I2C_MemRxCpltCallback)
    HAL_I2C_MemTxCpltCallback                0x080067d5   Thumb Code     2  stm32f4xx_hal_i2c.o(i.HAL_I2C_MemTxCpltCallback)
    HAL_I2C_MspDeInit                        0x080067d9   Thumb Code    42  i2c.o(i.HAL_I2C_MspDeInit)
    HAL_I2C_MspInit                          0x08006811   Thumb Code   166  i2c.o(i.HAL_I2C_MspInit)
    HAL_I2C_SlaveRxCpltCallback              0x080068c5   Thumb Code     2  stm32f4xx_hal_i2c.o(i.HAL_I2C_SlaveRxCpltCallback)
    HAL_I2C_SlaveTxCpltCallback              0x080068c7   Thumb Code     2  stm32f4xx_hal_i2c.o(i.HAL_I2C_SlaveTxCpltCallback)
    HAL_IncTick                              0x080068c9   Thumb Code    16  stm32f4xx_hal.o(i.HAL_IncTick)
    HAL_Init                                 0x080068e1   Thumb Code    54  stm32f4xx_hal.o(i.HAL_Init)
    HAL_InitTick                             0x0800691d   Thumb Code    64  stm32f4xx_hal.o(i.HAL_InitTick)
    HAL_MspInit                              0x08006969   Thumb Code    74  stm32f4xx_hal_msp.o(i.HAL_MspInit)
    HAL_NVIC_DisableIRQ                      0x080069b9   Thumb Code    62  stm32f4xx_hal_cortex.o(i.HAL_NVIC_DisableIRQ)
    HAL_NVIC_EnableIRQ                       0x080069fd   Thumb Code    32  stm32f4xx_hal_cortex.o(i.HAL_NVIC_EnableIRQ)
    HAL_NVIC_SetPriority                     0x08006a1d   Thumb Code   124  stm32f4xx_hal_cortex.o(i.HAL_NVIC_SetPriority)
    HAL_NVIC_SetPriorityGrouping             0x08006a99   Thumb Code    32  stm32f4xx_hal_cortex.o(i.HAL_NVIC_SetPriorityGrouping)
    HAL_RCC_ClockConfig                      0x08006ac1   Thumb Code   366  stm32f4xx_hal_rcc.o(i.HAL_RCC_ClockConfig)
    HAL_RCC_GetHCLKFreq                      0x08006c41   Thumb Code     6  stm32f4xx_hal_rcc.o(i.HAL_RCC_GetHCLKFreq)
    HAL_RCC_GetPCLK1Freq                     0x08006c4d   Thumb Code    22  stm32f4xx_hal_rcc.o(i.HAL_RCC_GetPCLK1Freq)
    HAL_RCC_GetPCLK2Freq                     0x08006c6d   Thumb Code    22  stm32f4xx_hal_rcc.o(i.HAL_RCC_GetPCLK2Freq)
    HAL_RCC_GetSysClockFreq                  0x08006c8d   Thumb Code   162  stm32f4xx_hal_rcc.o(i.HAL_RCC_GetSysClockFreq)
    HAL_RCC_OscConfig                        0x08006d3d   Thumb Code  1086  stm32f4xx_hal_rcc.o(i.HAL_RCC_OscConfig)
    HAL_SYSTICK_Config                       0x08007185   Thumb Code    52  stm32f4xx_hal_cortex.o(i.HAL_SYSTICK_Config)
    HAL_UART_ErrorCallback                   0x080071b9   Thumb Code     2  stm32f4xx_hal_uart.o(i.HAL_UART_ErrorCallback)
    HAL_UART_IRQHandler                      0x080071bd   Thumb Code   328  stm32f4xx_hal_uart.o(i.HAL_UART_IRQHandler)
    HAL_UART_Init                            0x08007309   Thumb Code   114  stm32f4xx_hal_uart.o(i.HAL_UART_Init)
    HAL_UART_MspInit                         0x0800737d   Thumb Code   136  usart.o(i.HAL_UART_MspInit)
    HAL_UART_Receive_IT                      0x08007411   Thumb Code   112  stm32f4xx_hal_uart.o(i.HAL_UART_Receive_IT)
    HAL_UART_RxCpltCallback                  0x08007481   Thumb Code    22  board_resource.o(i.HAL_UART_RxCpltCallback)
    HAL_UART_Transmit                        0x080074a5   Thumb Code   214  stm32f4xx_hal_uart.o(i.HAL_UART_Transmit)
    HAL_UART_TxCpltCallback                  0x0800757b   Thumb Code     2  stm32f4xx_hal_uart.o(i.HAL_UART_TxCpltCallback)
    HardFault_Handler                        0x0800757d   Thumb Code     4  stm32f4xx_it.o(i.HardFault_Handler)
    I2C2_EV_IRQHandler                       0x08007581   Thumb Code    10  stm32f4xx_it.o(i.I2C2_EV_IRQHandler)
    I2C_AcknowledgeConfig                    0x08007591   Thumb Code    32  board_resource.o(i.I2C_AcknowledgeConfig)
    I2C_GenerateSTART                        0x08007663   Thumb Code    32  board_resource.o(i.I2C_GenerateSTART)
    I2C_GenerateSTOP                         0x08007683   Thumb Code    32  board_resource.o(i.I2C_GenerateSTOP)
    I2C_ReadRegister                         0x08007f07   Thumb Code    22  board_resource.o(i.I2C_ReadRegister)
    I2C_Send7bitAddress                      0x08007f1d   Thumb Code    18  board_resource.o(i.I2C_Send7bitAddress)
    I2C_SoftwareResetCmd                     0x080081e1   Thumb Code    40  board_resource.o(i.I2C_SoftwareResetCmd)
    MX_GPIO_Init                             0x08008341   Thumb Code   128  gpio.o(i.MX_GPIO_Init)
    MX_I2C2_Init                             0x080083cd   Thumb Code    48  i2c.o(i.MX_I2C2_Init)
    MX_USART2_UART_Init                      0x08008409   Thumb Code    46  usart.o(i.MX_USART2_UART_Init)
    MemManage_Handler                        0x08008441   Thumb Code     4  stm32f4xx_it.o(i.MemManage_Handler)
    NMI_Handler                              0x08008445   Thumb Code     2  stm32f4xx_it.o(i.NMI_Handler)
    PendSV_Handler                           0x08008447   Thumb Code     2  stm32f4xx_it.o(i.PendSV_Handler)
    ST_Sensors_I2C_ReadRegister              0x08008449   Thumb Code   968  board_resource.o(i.ST_Sensors_I2C_ReadRegister)
    ST_Sensors_I2C_WriteRegister             0x08008819   Thumb Code   322  board_resource.o(i.ST_Sensors_I2C_WriteRegister)
    SVC_Handler                              0x08008965   Thumb Code     2  stm32f4xx_it.o(i.SVC_Handler)
    Sensors_I2C_ReadRegister                 0x08008967   Thumb Code    76  board_resource.o(i.Sensors_I2C_ReadRegister)
    Sensors_I2C_WriteRegister                0x080089b5   Thumb Code    82  board_resource.o(i.Sensors_I2C_WriteRegister)
    SysTick_Handler                          0x08008a11   Thumb Code     8  stm32f4xx_it.o(i.SysTick_Handler)
    SystemClock_Config                       0x08008a19   Thumb Code   178  main.o(i.SystemClock_Config)
    SystemInit                               0x08008ad5   Thumb Code    82  system_stm32f4xx.o(i.SystemInit)
    USART2_IRQHandler                        0x08009071   Thumb Code    10  stm32f4xx_it.o(i.USART2_IRQHandler)
    UsageFault_Handler                       0x08009081   Thumb Code     4  stm32f4xx_it.o(i.UsageFault_Handler)
    _MLPrintLog                              0x08009085   Thumb Code   204  log_stm32.o(i._MLPrintLog)
    __0printf                                0x08009155   Thumb Code    22  printfa.o(i.__0printf)
    __1printf                                0x08009155   Thumb Code     0  printfa.o(i.__0printf)
    __2printf                                0x08009155   Thumb Code     0  printfa.o(i.__0printf)
    __c89printf                              0x08009155   Thumb Code     0  printfa.o(i.__0printf)
    printf                                   0x08009155   Thumb Code     0  printfa.o(i.__0printf)
    __0vsprintf                              0x08009175   Thumb Code    30  printfa.o(i.__0vsprintf)
    __1vsprintf                              0x08009175   Thumb Code     0  printfa.o(i.__0vsprintf)
    __2vsprintf                              0x08009175   Thumb Code     0  printfa.o(i.__0vsprintf)
    __c89vsprintf                            0x08009175   Thumb Code     0  printfa.o(i.__0vsprintf)
    vsprintf                                 0x08009175   Thumb Code     0  printfa.o(i.__0vsprintf)
    __ARM_fpclassify                         0x08009199   Thumb Code    48  fpclassify.o(i.__ARM_fpclassify)
    __ARM_fpclassifyf                        0x080091c9   Thumb Code    38  fpclassifyf.o(i.__ARM_fpclassifyf)
    __hardfp_acosf                           0x08009229   Thumb Code   234  acosf.o(i.__hardfp_acosf)
    __hardfp_atan2f                          0x08009341   Thumb Code   502  atan2f.o(i.__hardfp_atan2f)
    __hardfp_cos                             0x08009591   Thumb Code   180  cos.o(i.__hardfp_cos)
    __hardfp_cosf                            0x08009659   Thumb Code   280  cosf.o(i.__hardfp_cosf)
    __hardfp_fabs                            0x080097a9   Thumb Code    20  fabs.o(i.__hardfp_fabs)
    __hardfp_log                             0x080097c1   Thumb Code   872  log.o(i.__hardfp_log)
    __hardfp_sinf                            0x08009b85   Thumb Code   344  sinf.o(i.__hardfp_sinf)
    __hardfp_sqrt                            0x08009d15   Thumb Code   122  sqrt.o(i.__hardfp_sqrt)
    __hardfp_sqrtf                           0x08009d8f   Thumb Code    58  sqrtf.o(i.__hardfp_sqrtf)
    __ieee754_rem_pio2                       0x08009dc9   Thumb Code   938  rred.o(i.__ieee754_rem_pio2)
    __kernel_cos                             0x0800a201   Thumb Code   322  cos_i.o(i.__kernel_cos)
    __kernel_poly                            0x0800a371   Thumb Code   248  poly.o(i.__kernel_poly)
    __kernel_sin                             0x0800a469   Thumb Code   280  sin_i.o(i.__kernel_sin)
    __mathlib_dbl_divzero                    0x0800a599   Thumb Code    28  dunder.o(i.__mathlib_dbl_divzero)
    __mathlib_dbl_infnan                     0x0800a5c9   Thumb Code    20  dunder.o(i.__mathlib_dbl_infnan)
    __mathlib_dbl_invalid                    0x0800a5e1   Thumb Code    24  dunder.o(i.__mathlib_dbl_invalid)
    __mathlib_dbl_underflow                  0x0800a601   Thumb Code    24  dunder.o(i.__mathlib_dbl_underflow)
    __mathlib_flt_infnan                     0x0800a621   Thumb Code     6  funder.o(i.__mathlib_flt_infnan)
    __mathlib_flt_infnan2                    0x0800a627   Thumb Code     6  funder.o(i.__mathlib_flt_infnan2)
    __mathlib_flt_invalid                    0x0800a62d   Thumb Code    10  funder.o(i.__mathlib_flt_invalid)
    __mathlib_flt_underflow                  0x0800a63d   Thumb Code    10  funder.o(i.__mathlib_flt_underflow)
    __mathlib_rredf2                         0x0800a64d   Thumb Code   316  rredf.o(i.__mathlib_rredf2)
    __scatterload_copy                       0x0800a7d5   Thumb Code    14  handlers.o(i.__scatterload_copy)
    __scatterload_null                       0x0800a7e3   Thumb Code     2  handlers.o(i.__scatterload_null)
    __scatterload_zeroinit                   0x0800a7e5   Thumb Code    14  handlers.o(i.__scatterload_zeroinit)
    __set_errno                              0x0800a7f5   Thumb Code     6  errno.o(i.__set_errno)
    arch                                     0x0800b79d   Thumb Code   908  arch.o(i.arch)
    dmp_enable_6x_lp_quat                    0x0800bd61   Thumb Code    60  inv_mpu_dmp_motion_driver.o(i.dmp_enable_6x_lp_quat)
    dmp_enable_feature                       0x0800bd9d   Thumb Code   530  inv_mpu_dmp_motion_driver.o(i.dmp_enable_feature)
    dmp_enable_gyro_cal                      0x0800bfb9   Thumb Code    62  inv_mpu_dmp_motion_driver.o(i.dmp_enable_gyro_cal)
    dmp_enable_lp_quat                       0x0800c011   Thumb Code    60  inv_mpu_dmp_motion_driver.o(i.dmp_enable_lp_quat)
    dmp_get_fifo_rate                        0x0800c04d   Thumb Code    12  inv_mpu_dmp_motion_driver.o(i.dmp_get_fifo_rate)
    dmp_get_pedometer_step_count             0x0800c05d   Thumb Code    66  inv_mpu_dmp_motion_driver.o(i.dmp_get_pedometer_step_count)
    dmp_get_pedometer_walk_time              0x0800c09f   Thumb Code    72  inv_mpu_dmp_motion_driver.o(i.dmp_get_pedometer_walk_time)
    dmp_load_motion_driver_firmware          0x0800c0e9   Thumb Code    20  inv_mpu_dmp_motion_driver.o(i.dmp_load_motion_driver_firmware)
    dmp_read_fifo                            0x0800c101   Thumb Code   456  inv_mpu_dmp_motion_driver.o(i.dmp_read_fifo)
    dmp_register_android_orient_cb           0x0800c2cd   Thumb Code    10  inv_mpu_dmp_motion_driver.o(i.dmp_register_android_orient_cb)
    dmp_register_tap_cb                      0x0800c2dd   Thumb Code    10  inv_mpu_dmp_motion_driver.o(i.dmp_register_tap_cb)
    dmp_set_fifo_rate                        0x0800c2ed   Thumb Code    96  inv_mpu_dmp_motion_driver.o(i.dmp_set_fifo_rate)
    dmp_set_interrupt_mode                   0x0800c35d   Thumb Code    66  inv_mpu_dmp_motion_driver.o(i.dmp_set_interrupt_mode)
    dmp_set_orientation                      0x0800c3b9   Thumb Code   290  inv_mpu_dmp_motion_driver.o(i.dmp_set_orientation)
    dmp_set_pedometer_step_count             0x0800c4f1   Thumb Code    42  inv_mpu_dmp_motion_driver.o(i.dmp_set_pedometer_step_count)
    dmp_set_pedometer_walk_time              0x0800c51b   Thumb Code    48  inv_mpu_dmp_motion_driver.o(i.dmp_set_pedometer_walk_time)
    dmp_set_shake_reject_thresh              0x0800c54b   Thumb Code    56  inv_mpu_dmp_motion_driver.o(i.dmp_set_shake_reject_thresh)
    dmp_set_shake_reject_time                0x0800c583   Thumb Code    38  inv_mpu_dmp_motion_driver.o(i.dmp_set_shake_reject_time)
    dmp_set_shake_reject_timeout             0x0800c5a9   Thumb Code    38  inv_mpu_dmp_motion_driver.o(i.dmp_set_shake_reject_timeout)
    dmp_set_tap_axes                         0x0800c5cf   Thumb Code    70  inv_mpu_dmp_motion_driver.o(i.dmp_set_tap_axes)
    dmp_set_tap_count                        0x0800c615   Thumb Code    38  inv_mpu_dmp_motion_driver.o(i.dmp_set_tap_count)
    dmp_set_tap_thresh                       0x0800c63d   Thumb Code   412  inv_mpu_dmp_motion_driver.o(i.dmp_set_tap_thresh)
    dmp_set_tap_time                         0x0800c7fd   Thumb Code    38  inv_mpu_dmp_motion_driver.o(i.dmp_set_tap_time)
    dmp_set_tap_time_multi                   0x0800c823   Thumb Code    38  inv_mpu_dmp_motion_driver.o(i.dmp_set_tap_time_multi)
    eMPL_send_data                           0x0800c849   Thumb Code   408  log_stm32.o(i.eMPL_send_data)
    eMPL_send_quat                           0x0800c9e5   Thumb Code   190  log_stm32.o(i.eMPL_send_quat)
    fabs                                     0x0800caa9   Thumb Code    24  fabs.o(i.fabs)
    fputc                                    0x0800cac1   Thumb Code    22  main.o(i.fputc)
    get_tick_count                           0x0800d159   Thumb Code    14  board_resource.o(i.get_tick_count)
    inv_accel_was_turned_off                 0x0800db75   Thumb Code     8  data_builder.o(i.inv_accel_was_turned_off)
    inv_apply_calibration                    0x0800db81   Thumb Code   106  data_builder.o(i.inv_apply_calibration)
    inv_build_accel                          0x0800dbed   Thumb Code   128  data_builder.o(i.inv_build_accel)
    inv_build_compass                        0x0800dc79   Thumb Code   168  data_builder.o(i.inv_build_compass)
    inv_build_gyro                           0x0800dd29   Thumb Code    46  data_builder.o(i.inv_build_gyro)
    inv_build_quat                           0x0800dd61   Thumb Code    56  data_builder.o(i.inv_build_quat)
    inv_build_temp                           0x0800dda1   Thumb Code    38  data_builder.o(i.inv_build_temp)
    inv_compass_angle                        0x0800ddcd   Thumb Code   170  ml_math_func.o(i.inv_compass_angle)
    inv_compass_was_turned_off               0x0800de7d   Thumb Code    10  data_builder.o(i.inv_compass_was_turned_off)
    inv_convert_to_body_with_scale           0x0800de8d   Thumb Code   114  ml_math_func.o(i.inv_convert_to_body_with_scale)
    inv_disable_compass_soft_iron_matrix     0x0800df69   Thumb Code    10  data_builder.o(i.inv_disable_compass_soft_iron_matrix)
    inv_enable_eMPL_outputs                  0x0800df79   Thumb Code    22  empl_outputs.o(i.inv_enable_eMPL_outputs)
    inv_enable_results_holder                0x0800df95   Thumb Code    26  results_holder.o(i.inv_enable_results_holder)
    inv_execute_mpl_start_notification       0x0800dfb5   Thumb Code    40  start_manager.o(i.inv_execute_mpl_start_notification)
    inv_execute_on_data                      0x0800dfe1   Thumb Code   152  data_builder.o(i.inv_execute_on_data)
    inv_generate_results                     0x0800e171   Thumb Code    12  results_holder.o(i.inv_generate_results)
    inv_get_6axis_quaternion                 0x0800e181   Thumb Code    18  results_holder.o(i.inv_get_6axis_quaternion)
    inv_get_acc_state                        0x0800e199   Thumb Code     6  results_holder.o(i.inv_get_acc_state)
    inv_get_accel_accuracy                   0x0800e1a5   Thumb Code     6  data_builder.o(i.inv_get_accel_accuracy)
    inv_get_accel_on                         0x0800e1b1   Thumb Code    12  data_builder.o(i.inv_get_accel_on)
    inv_get_accel_set                        0x0800e1c1   Thumb Code    40  data_builder.o(i.inv_get_accel_set)
    inv_get_compass_bias                     0x0800e1ed   Thumb Code    18  data_builder.o(i.inv_get_compass_bias)
    inv_get_compass_correction               0x0800e205   Thumb Code    20  results_holder.o(i.inv_get_compass_correction)
    inv_get_compass_on                       0x0800e21d   Thumb Code    12  data_builder.o(i.inv_get_compass_on)
    inv_get_compass_set                      0x0800e22d   Thumb Code    58  data_builder.o(i.inv_get_compass_set)
    inv_get_compass_soft_iron_output_data    0x0800e271   Thumb Code    24  data_builder.o(i.inv_get_compass_soft_iron_output_data)
    inv_get_compass_state                    0x0800e28d   Thumb Code     6  results_holder.o(i.inv_get_compass_state)
    inv_get_gravity                          0x0800e299   Thumb Code    90  results_holder.o(i.inv_get_gravity)
    inv_get_gyro                             0x0800e2f9   Thumb Code    12  data_builder.o(i.inv_get_gyro)
    inv_get_gyro_accuracy                    0x0800e309   Thumb Code     6  data_builder.o(i.inv_get_gyro_accuracy)
    inv_get_gyro_bias                        0x0800e315   Thumb Code    32  data_builder.o(i.inv_get_gyro_bias)
    inv_get_gyro_bias_tc_set                 0x0800e339   Thumb Code    26  data_builder.o(i.inv_get_gyro_bias_tc_set)
    inv_get_gyro_on                          0x0800e359   Thumb Code    10  data_builder.o(i.inv_get_gyro_on)
    inv_get_gyro_set                         0x0800e369   Thumb Code    34  data_builder.o(i.inv_get_gyro_set)
    inv_get_gyro_sum_of_sqr                  0x0800e391   Thumb Code    28  ml_math_func.o(i.inv_get_gyro_sum_of_sqr)
    inv_get_large_mag_field                  0x0800e3ad   Thumb Code     6  results_holder.o(i.inv_get_large_mag_field)
    inv_get_last_timestamp                   0x0800e3b9   Thumb Code    98  data_builder.o(i.inv_get_last_timestamp)
    inv_get_linear_accel                     0x0800e421   Thumb Code    60  results_holder.o(i.inv_get_linear_accel)
    inv_get_linear_accel_float               0x0800e45d   Thumb Code    62  results_holder.o(i.inv_get_linear_accel_float)
    inv_get_local_field                      0x0800e4a1   Thumb Code    12  results_holder.o(i.inv_get_local_field)
    inv_get_mag_accuracy                     0x0800e4b1   Thumb Code    20  data_builder.o(i.inv_get_mag_accuracy)
    inv_get_message_level_0                  0x0800e4cd   Thumb Code    16  message_layer.o(i.inv_get_message_level_0)
    inv_get_motion_state                     0x0800e4e1   Thumb Code    16  results_holder.o(i.inv_get_motion_state)
    inv_get_quaternion                       0x0800e4f5   Thumb Code    54  results_holder.o(i.inv_get_quaternion)
    inv_get_quaternion_set                   0x0800e531   Thumb Code    68  results_holder.o(i.inv_get_quaternion_set)
    inv_get_sensor_type_accel                0x0800e575   Thumb Code    36  empl_outputs.o(i.inv_get_sensor_type_accel)
    inv_get_sensor_type_compass              0x0800e59d   Thumb Code    36  empl_outputs.o(i.inv_get_sensor_type_compass)
    inv_get_sensor_type_euler                0x0800e5c5   Thumb Code   588  empl_outputs.o(i.inv_get_sensor_type_euler)
    inv_get_sensor_type_gravity              0x0800e82d   Thumb Code   104  hal_outputs.o(i.inv_get_sensor_type_gravity)
    inv_get_sensor_type_gyro                 0x0800e89d   Thumb Code    36  empl_outputs.o(i.inv_get_sensor_type_gyro)
    inv_get_sensor_type_heading              0x0800e8c5   Thumb Code   178  empl_outputs.o(i.inv_get_sensor_type_heading)
    inv_get_sensor_type_linear_acceleration  0x0800e98d   Thumb Code   122  hal_outputs.o(i.inv_get_sensor_type_linear_acceleration)
    inv_get_sensor_type_quat                 0x0800ea0d   Thumb Code    32  empl_outputs.o(i.inv_get_sensor_type_quat)
    inv_get_sensor_type_rot_mat              0x0800ea31   Thumb Code    36  empl_outputs.o(i.inv_get_sensor_type_rot_mat)
    inv_got_compass_bias                     0x0800ea59   Thumb Code     6  results_holder.o(i.inv_got_compass_bias)
    inv_gyro_was_turned_off                  0x0800ea65   Thumb Code     8  data_builder.o(i.inv_gyro_was_turned_off)
    inv_init_data_builder                    0x0800ea71   Thumb Code    42  data_builder.o(i.inv_init_data_builder)
    inv_init_mpl                             0x0800eac1   Thumb Code   106  mpl.o(i.inv_init_mpl)
    inv_init_results_holder                  0x0800eb4d   Thumb Code    50  results_holder.o(i.inv_init_results_holder)
    inv_init_start_manager                   0x0800eb89   Thumb Code    14  start_manager.o(i.inv_init_start_manager)
    inv_init_storage_manager                 0x0800eb9d   Thumb Code    20  storage_manager.o(i.inv_init_storage_manager)
    inv_orientation_matrix_to_scalar         0x0800ebb5   Thumb Code    40  ml_math_func.o(i.inv_orientation_matrix_to_scalar)
    inv_q29_mult                             0x0800ebdd   Thumb Code    18  ml_math_func.o(i.inv_q29_mult)
    inv_q30_mult                             0x0800ebef   Thumb Code    18  ml_math_func.o(i.inv_q30_mult)
    inv_q_add                                0x0800ec19   Thumb Code    36  ml_math_func.o(i.inv_q_add)
    inv_q_addf                               0x0800ec3d   Thumb Code    66  ml_math_func.o(i.inv_q_addf)
    inv_q_invert                             0x0800ec7f   Thumb Code    24  ml_math_func.o(i.inv_q_invert)
    inv_q_invertf                            0x0800ec97   Thumb Code    46  ml_math_func.o(i.inv_q_invertf)
    inv_q_mult                               0x0800ecc5   Thumb Code   178  ml_math_func.o(i.inv_q_mult)
    inv_q_multf                              0x0800ed77   Thumb Code   210  ml_math_func.o(i.inv_q_multf)
    inv_q_norm4                              0x0800ee49   Thumb Code   162  ml_math_func.o(i.inv_q_norm4)
    inv_q_normalizef                         0x0800eef1   Thumb Code   302  ml_math_func.o(i.inv_q_normalizef)
    inv_q_rotate                             0x0800f025   Thumb Code    66  ml_math_func.o(i.inv_q_rotate)
    inv_quaternion_sensor_was_turned_off     0x0800f069   Thumb Code    10  data_builder.o(i.inv_quaternion_sensor_was_turned_off)
    inv_quaternion_to_rotation               0x0800f079   Thumb Code   218  ml_math_func.o(i.inv_quaternion_to_rotation)
    inv_register_data_cb                     0x0800f155   Thumb Code   234  data_builder.o(i.inv_register_data_cb)
    inv_register_load_store                  0x0800f24d   Thumb Code   138  storage_manager.o(i.inv_register_load_store)
    inv_register_mpl_start_notification      0x0800f2dd   Thumb Code    38  start_manager.o(i.inv_register_mpl_start_notification)
    inv_reset_compass_soft_iron_matrix       0x0800f309   Thumb Code    80  data_builder.o(i.inv_reset_compass_soft_iron_matrix)
    inv_set_accel_accuracy                   0x0800f3b1   Thumb Code    26  data_builder.o(i.inv_set_accel_accuracy)
    inv_set_accel_bias                       0x0800f3d5   Thumb Code    64  data_builder.o(i.inv_set_accel_bias)
    inv_set_accel_bias_found                 0x0800f421   Thumb Code     6  results_holder.o(i.inv_set_accel_bias_found)
    inv_set_accel_bias_mask                  0x0800f42d   Thumb Code    84  data_builder.o(i.inv_set_accel_bias_mask)
    inv_set_accel_orientation_and_scale      0x0800f48d   Thumb Code    18  data_builder.o(i.inv_set_accel_orientation_and_scale)
    inv_set_accel_sample_rate                0x0800f4a5   Thumb Code    36  data_builder.o(i.inv_set_accel_sample_rate)
    inv_set_compass_bias                     0x0800f4d1   Thumb Code    66  data_builder.o(i.inv_set_compass_bias)
    inv_set_compass_bias_error               0x0800f51d   Thumb Code    14  results_holder.o(i.inv_set_compass_bias_error)
    inv_set_compass_bias_found               0x0800f531   Thumb Code     6  results_holder.o(i.inv_set_compass_bias_found)
    inv_set_compass_correction               0x0800f53d   Thumb Code    30  results_holder.o(i.inv_set_compass_correction)
    inv_set_compass_disturbance              0x0800f561   Thumb Code     8  data_builder.o(i.inv_set_compass_disturbance)
    inv_set_compass_orientation_and_scale    0x0800f56d   Thumb Code    18  data_builder.o(i.inv_set_compass_orientation_and_scale)
    inv_set_compass_sample_rate              0x0800f585   Thumb Code    40  data_builder.o(i.inv_set_compass_sample_rate)
    inv_set_compass_soft_iron_input_data     0x0800f5b5   Thumb Code    74  data_builder.o(i.inv_set_compass_soft_iron_input_data)
    inv_set_compass_state                    0x0800f609   Thumb Code     6  results_holder.o(i.inv_set_compass_state)
    inv_set_gyro_bias                        0x0800f735   Thumb Code   102  data_builder.o(i.inv_set_gyro_bias)
    inv_set_gyro_orientation_and_scale       0x0800f7a9   Thumb Code    18  data_builder.o(i.inv_set_gyro_orientation_and_scale)
    inv_set_gyro_sample_rate                 0x0800f7c1   Thumb Code    32  data_builder.o(i.inv_set_gyro_sample_rate)
    inv_set_message                          0x0800f7e9   Thumb Code    24  message_layer.o(i.inv_set_message)
    inv_set_motion_state                     0x0800f805   Thumb Code    74  results_holder.o(i.inv_set_motion_state)
    inv_set_quat_sample_rate                 0x0800f855   Thumb Code    22  data_builder.o(i.inv_set_quat_sample_rate)
    inv_start_mpl                            0x0800f885   Thumb Code    38  mpl.o(i.inv_start_mpl)
    inv_start_results_holder                 0x0800f8cd   Thumb Code    18  results_holder.o(i.inv_start_results_holder)
    inv_store_gaming_quaternion              0x0800f8e5   Thumb Code    30  results_holder.o(i.inv_store_gaming_quaternion)
    inv_unregister_data_cb                   0x0800f909   Thumb Code    96  data_builder.o(i.inv_unregister_data_cb)
    inv_unregister_mpl_start_notification    0x0800f96d   Thumb Code    92  start_manager.o(i.inv_unregister_mpl_start_notification)
    main                                     0x0800f9cd   Thumb Code    28  main.o(i.main)
    mdelay                                   0x0800f9e9   Thumb Code    12  board_resource.o(i.mdelay)
    mlMatrixVectorMult                       0x0800f9f5   Thumb Code    62  ml_math_func.o(i.mlMatrixVectorMult)
    mpu_configure_fifo                       0x0800fa35   Thumb Code   106  inv_mpu.o(i.mpu_configure_fifo)
    mpu_get_accel_fsr                        0x0800faa5   Thumb Code    72  inv_mpu.o(i.mpu_get_accel_fsr)
    mpu_get_accel_reg                        0x0800faf1   Thumb Code   110  inv_mpu.o(i.mpu_get_accel_reg)
    mpu_get_accel_sens                       0x0800fb65   Thumb Code    78  inv_mpu.o(i.mpu_get_accel_sens)
    mpu_get_compass_fsr                      0x0800fbb9   Thumb Code    14  inv_mpu.o(i.mpu_get_compass_fsr)
    mpu_get_compass_reg                      0x0800fbcd   Thumb Code   202  inv_mpu.o(i.mpu_get_compass_reg)
    mpu_get_fifo_config                      0x0800fc9d   Thumb Code    12  inv_mpu.o(i.mpu_get_fifo_config)
    mpu_get_gyro_fsr                         0x0800fcad   Thumb Code    64  inv_mpu.o(i.mpu_get_gyro_fsr)
    mpu_get_gyro_sens                        0x0800fcf1   Thumb Code    74  inv_mpu.o(i.mpu_get_gyro_sens)
    mpu_get_lpf                              0x0800fd51   Thumb Code    74  inv_mpu.o(i.mpu_get_lpf)
    mpu_get_sample_rate                      0x0800fda1   Thumb Code    26  inv_mpu.o(i.mpu_get_sample_rate)
    mpu_get_temperature                      0x0800fdc1   Thumb Code   142  inv_mpu.o(i.mpu_get_temperature)
    mpu_init                                 0x0800fe5d   Thumb Code   318  inv_mpu.o(i.mpu_init)
    mpu_load_firmware                        0x0800ffd5   Thumb Code   180  inv_mpu.o(i.mpu_load_firmware)
    mpu_lp_accel_mode                        0x0801008d   Thumb Code   280  inv_mpu.o(i.mpu_lp_accel_mode)
    mpu_lp_motion_interrupt                  0x080101a9   Thumb Code   606  inv_mpu.o(i.mpu_lp_motion_interrupt)
    mpu_read_fifo                            0x0801040d   Thumb Code   500  inv_mpu.o(i.mpu_read_fifo)
    mpu_read_fifo_stream                     0x08010605   Thumb Code   186  inv_mpu.o(i.mpu_read_fifo_stream)
    mpu_read_mem                             0x080106c5   Thumb Code   122  inv_mpu.o(i.mpu_read_mem)
    mpu_reg_dump                             0x08010745   Thumb Code    90  inv_mpu.o(i.mpu_reg_dump)
    mpu_reset_fifo                           0x080107b5   Thumb Code   450  inv_mpu.o(i.mpu_reset_fifo)
    mpu_run_6500_self_test                   0x0801097d   Thumb Code   420  inv_mpu.o(i.mpu_run_6500_self_test)
    mpu_set_accel_fsr                        0x08010c3d   Thumb Code   126  inv_mpu.o(i.mpu_set_accel_fsr)
    mpu_set_bypass                           0x08010cc1   Thumb Code   328  inv_mpu.o(i.mpu_set_bypass)
    mpu_set_compass_sample_rate              0x08010e0d   Thumb Code    92  inv_mpu.o(i.mpu_set_compass_sample_rate)
    mpu_set_dmp_state                        0x08010e6d   Thumb Code   138  inv_mpu.o(i.mpu_set_dmp_state)
    mpu_set_gyro_fsr                         0x08010efd   Thumb Code   132  inv_mpu.o(i.mpu_set_gyro_fsr)
    mpu_set_int_latched                      0x08010f85   Thumb Code   102  inv_mpu.o(i.mpu_set_int_latched)
    mpu_set_lpf                              0x08010ff1   Thumb Code   126  inv_mpu.o(i.mpu_set_lpf)
    mpu_set_sample_rate                      0x08011075   Thumb Code   174  inv_mpu.o(i.mpu_set_sample_rate)
    mpu_set_sensors                          0x08011129   Thumb Code   354  inv_mpu.o(i.mpu_set_sensors)
    mpu_write_mem                            0x08011291   Thumb Code   122  inv_mpu.o(i.mpu_write_mem)
    send_status_compass                      0x08011805   Thumb Code   162  arch.o(i.send_status_compass)
    set_sensor_orientation_and_scale         0x08011969   Thumb Code     6  data_builder.o(i.set_sensor_orientation_and_scale)
    sqrtf                                    0x08011c3d   Thumb Code    62  sqrtf.o(i.sqrtf)
    AHBPrescTable                            0x08011d28   Data          16  system_stm32f4xx.o(.constdata)
    APBPrescTable                            0x08011d38   Data           8  system_stm32f4xx.o(.constdata)
    reg                                      0x08011d40   Data          42  inv_mpu.o(.constdata)
    hw                                       0x08011d6a   Data          14  inv_mpu.o(.constdata)
    test                                     0x08011d78   Data          48  inv_mpu.o(.constdata)
    ml_ver                                   0x08012b9e   Data          20  mpl.o(.constdata)
    __mathlib_zero                           0x08012c38   Data           8  qnan.o(.constdata)
    Region$$Table$$Base                      0x08012da0   Number         0  anon$$obj.o(Region$$Table)
    Region$$Table$$Limit                     0x08012dc0   Number         0  anon$$obj.o(Region$$Table)
    hal_timestamp                            0x20000000   Data           4  arch.o(.data)
    rx_new                                   0x20000004   Data           1  arch.o(.data)
    mpl_key                                  0x20000008   Data           4  arch.o(.data)
    UART_RxCplt                              0x2000001e   Data           1  board_resource.o(.data)
    UART_RxData                              0x2000001f   Data           1  board_resource.o(.data)
    SystemCoreClock                          0x20000024   Data           4  system_stm32f4xx.o(.data)
    noUse                                    0x20000060   Data           4  log_stm32.o(.data)
    uwTick                                   0x20000068   Data           4  stm32f4xx_hal.o(.data)
    uwTickPrio                               0x2000006c   Data           4  stm32f4xx_hal.o(.data)
    uwTickFreq                               0x20000070   Data           1  stm32f4xx_hal.o(.data)
    __stdout                                 0x20000084   Data           4  stdout.o(.data)
    hi2c2                                    0x200000b0   Data          84  i2c.o(.bss)
    huart2                                   0x20000104   Data          64  usart.o(.bss)
    cb                                       0x20000790   Data         232  compass_vec_cal.o(.bss)
    cb_test                                  0x20000878   Data         232  compass_vec_cal.o(.bss)
    cb_sim                                   0x20000960   Data         232  compass_vec_cal.o(.bss)
    vc                                       0x20000a48   Data         424  compass_vec_cal.o(.bss)
    fnm                                      0x20000bf0   Data         608  fast_no_motion.o(.bss)
    s9axis                                   0x20000e90   Data         312  fusion_9axis.o(.bss)
    mag_disturb                              0x2000118c   Data         184  mag_disturb.o(.bss)
    __initial_sp                             0x20001b68   Data           0  startup_stm32f401xe.o(STACK)



==============================================================================

Memory Map of the image

  Image Entry point : 0x08000195

  Load Region LR_IROM1 (Base: 0x08000000, Size: 0x00012e4c, Max: 0x00080000, ABSOLUTE)

    Execution Region ER_IROM1 (Exec base: 0x08000000, Load base: 0x08000000, Size: 0x00012dc0, Max: 0x00080000, ABSOLUTE)

    Exec Addr    Load Addr    Size         Type   Attr      Idx    E Section Name        Object

    0x08000000   0x08000000   0x00000194   Data   RO            3    RESET               startup_stm32f401xe.o
    0x08000194   0x08000194   0x00000000   Code   RO         5245  * .ARM.Collect$$$$00000000  mc_w.l(entry.o)
    0x08000194   0x08000194   0x00000004   Code   RO         5602    .ARM.Collect$$$$00000001  mc_w.l(entry2.o)
    0x08000198   0x08000198   0x00000004   Code   RO         5605    .ARM.Collect$$$$00000004  mc_w.l(entry5.o)
    0x0800019c   0x0800019c   0x00000000   Code   RO         5607    .ARM.Collect$$$$00000008  mc_w.l(entry7b.o)
    0x0800019c   0x0800019c   0x00000000   Code   RO         5609    .ARM.Collect$$$$0000000A  mc_w.l(entry8b.o)
    0x0800019c   0x0800019c   0x00000008   Code   RO         5610    .ARM.Collect$$$$0000000B  mc_w.l(entry9a.o)
    0x080001a4   0x080001a4   0x00000000   Code   RO         5612    .ARM.Collect$$$$0000000D  mc_w.l(entry10a.o)
    0x080001a4   0x080001a4   0x00000000   Code   RO         5614    .ARM.Collect$$$$0000000F  mc_w.l(entry11a.o)
    0x080001a4   0x080001a4   0x00000004   Code   RO         5603    .ARM.Collect$$$$00002712  mc_w.l(entry2.o)
    0x080001a8   0x080001a8   0x00000024   Code   RO            4    .text               startup_stm32f401xe.o
    0x080001cc   0x080001cc   0x000024f0   Code   RO         4805    .text               libmpllib.lib(compass_vec_cal.o)
    0x080026bc   0x080026bc   0x00000a18   Code   RO         4895    .text               libmpllib.lib(fast_no_motion.o)
    0x080030d4   0x080030d4   0x000006b0   Code   RO         4928    .text               libmpllib.lib(fusion_9axis.o)
    0x08003784   0x08003784   0x000004c4   Code   RO         4950    .text               libmpllib.lib(gyro_tc.o)
    0x08003c48   0x08003c48   0x000005c0   Code   RO         4968    .text               libmpllib.lib(mag_disturb.o)
    0x08004208   0x08004208   0x00000994   Code   RO         4990    .text               libmpllib.lib(quaternion_supervisor.o)
    0x08004b9c   0x08004b9c   0x00000c44   Code   RO         5008    .text               libmpllib.lib(accel_auto_cal.o)
    0x080057e0   0x080057e0   0x00000062   Code   RO         5248    .text               mc_w.l(uldiv.o)
    0x08005842   0x08005842   0x00000062   Code   RO         5250    .text               mc_w.l(ldiv.o)
    0x080058a4   0x080058a4   0x0000001e   Code   RO         5252    .text               mc_w.l(llshl.o)
    0x080058c2   0x080058c2   0x00000024   Code   RO         5254    .text               mc_w.l(llsshr.o)
    0x080058e6   0x080058e6   0x00000040   Code   RO         5258    .text               mc_w.l(memmovea.o)
    0x08005926   0x08005926   0x00000024   Code   RO         5260    .text               mc_w.l(memseta.o)
    0x0800594a   0x0800594a   0x0000001a   Code   RO         5262    .text               mc_w.l(memcmp.o)
    0x08005964   0x08005964   0x0000014e   Code   RO         5528    .text               mf_w.l(dadd.o)
    0x08005ab2   0x08005ab2   0x000000e4   Code   RO         5530    .text               mf_w.l(dmul.o)
    0x08005b96   0x08005b96   0x000000de   Code   RO         5532    .text               mf_w.l(ddiv.o)
    0x08005c74   0x08005c74   0x0000002c   Code   RO         5534    .text               mf_w.l(ffltl.o)
    0x08005ca0   0x08005ca0   0x00000022   Code   RO         5536    .text               mf_w.l(dflti.o)
    0x08005cc2   0x08005cc2   0x00000042   Code   RO         5538    .text               mf_w.l(ffixl.o)
    0x08005d04   0x08005d04   0x0000003e   Code   RO         5540    .text               mf_w.l(dfixi.o)
    0x08005d42   0x08005d42   0x00000026   Code   RO         5542    .text               mf_w.l(f2d.o)
    0x08005d68   0x08005d68   0x00000030   Code   RO         5544    .text               mf_w.l(cdcmple.o)
    0x08005d98   0x08005d98   0x00000030   Code   RO         5546    .text               mf_w.l(cdrcmple.o)
    0x08005dc8   0x08005dc8   0x00000038   Code   RO         5548    .text               mf_w.l(d2f.o)
    0x08005e00   0x08005e00   0x0000002c   Code   RO         5617    .text               mc_w.l(uidiv.o)
    0x08005e2c   0x08005e2c   0x00000020   Code   RO         5619    .text               mc_w.l(llushr.o)
    0x08005e4c   0x08005e4c   0x00000000   Code   RO         5628    .text               mc_w.l(iusefp.o)
    0x08005e4c   0x08005e4c   0x0000006e   Code   RO         5629    .text               mf_w.l(fepilogue.o)
    0x08005eba   0x08005eba   0x000000ba   Code   RO         5631    .text               mf_w.l(depilogue.o)
    0x08005f74   0x08005f74   0x000000a2   Code   RO         5637    .text               mf_w.l(dsqrt.o)
    0x08006016   0x08006016   0x00000030   Code   RO         5639    .text               mf_w.l(dfixul.o)
    0x08006046   0x08006046   0x00000002   PAD
    0x08006048   0x08006048   0x00000024   Code   RO         5641    .text               mc_w.l(init.o)
    0x0800606c   0x0800606c   0x0000001a   Code   RO         5643    .text               mf_w.l(dfltui.o)
    0x08006086   0x08006086   0x00000004   Code   RO          617    i.BusFault_Handler  stm32f4xx_it.o
    0x0800608a   0x0800608a   0x00000002   Code   RO          618    i.DebugMon_Handler  stm32f4xx_it.o
    0x0800608c   0x0800608c   0x00000002   Code   RO          460    i.Error_Handler     main.o
    0x0800608e   0x0800608e   0x00000002   PAD
    0x08006090   0x08006090   0x0000000c   Code   RO          314    i.Get_I2C_Retry     board_resource.o
    0x0800609c   0x0800609c   0x00000028   Code   RO         4113    i.HAL_DMA_Abort_IT  stm32f4xx_hal_dma.o
    0x080060c4   0x080060c4   0x00000008   Code   RO         4116    i.HAL_DMA_GetState  stm32f4xx_hal_dma.o
    0x080060cc   0x080060cc   0x00000028   Code   RO         4560    i.HAL_Delay         stm32f4xx_hal.o
    0x080060f4   0x080060f4   0x00000138   Code   RO         4002    i.HAL_GPIO_DeInit   stm32f4xx_hal_gpio.o
    0x0800622c   0x0800622c   0x000001d4   Code   RO         4005    i.HAL_GPIO_Init     stm32f4xx_hal_gpio.o
    0x08006400   0x08006400   0x0000000c   Code   RO         4566    i.HAL_GetTick       stm32f4xx_hal.o
    0x0800640c   0x0800640c   0x00000002   Code   RO         2712    i.HAL_I2C_AbortCpltCallback  stm32f4xx_hal_i2c.o
    0x0800640e   0x0800640e   0x00000002   Code   RO         2713    i.HAL_I2C_AddrCallback  stm32f4xx_hal_i2c.o
    0x08006410   0x08006410   0x0000003c   Code   RO         2714    i.HAL_I2C_DeInit    stm32f4xx_hal_i2c.o
    0x0800644c   0x0800644c   0x000001c4   Code   RO         2717    i.HAL_I2C_EV_IRQHandler  stm32f4xx_hal_i2c.o
    0x08006610   0x08006610   0x00000002   Code   RO         2719    i.HAL_I2C_ErrorCallback  stm32f4xx_hal_i2c.o
    0x08006612   0x08006612   0x00000002   PAD
    0x08006614   0x08006614   0x000001b8   Code   RO         2723    i.HAL_I2C_Init      stm32f4xx_hal_i2c.o
    0x080067cc   0x080067cc   0x00000002   Code   RO         2725    i.HAL_I2C_ListenCpltCallback  stm32f4xx_hal_i2c.o
    0x080067ce   0x080067ce   0x00000002   Code   RO         2726    i.HAL_I2C_MasterRxCpltCallback  stm32f4xx_hal_i2c.o
    0x080067d0   0x080067d0   0x00000002   Code   RO         2727    i.HAL_I2C_MasterTxCpltCallback  stm32f4xx_hal_i2c.o
    0x080067d2   0x080067d2   0x00000002   Code   RO         2739    i.HAL_I2C_MemRxCpltCallback  stm32f4xx_hal_i2c.o
    0x080067d4   0x080067d4   0x00000002   Code   RO         2740    i.HAL_I2C_MemTxCpltCallback  stm32f4xx_hal_i2c.o
    0x080067d6   0x080067d6   0x00000002   PAD
    0x080067d8   0x080067d8   0x00000038   Code   RO          533    i.HAL_I2C_MspDeInit  i2c.o
    0x08006810   0x08006810   0x000000b4   Code   RO          534    i.HAL_I2C_MspInit   i2c.o
    0x080068c4   0x080068c4   0x00000002   Code   RO         2749    i.HAL_I2C_SlaveRxCpltCallback  stm32f4xx_hal_i2c.o
    0x080068c6   0x080068c6   0x00000002   Code   RO         2750    i.HAL_I2C_SlaveTxCpltCallback  stm32f4xx_hal_i2c.o
    0x080068c8   0x080068c8   0x00000018   Code   RO         4572    i.HAL_IncTick       stm32f4xx_hal.o
    0x080068e0   0x080068e0   0x0000003c   Code   RO         4573    i.HAL_Init          stm32f4xx_hal.o
    0x0800691c   0x0800691c   0x0000004c   Code   RO         4574    i.HAL_InitTick      stm32f4xx_hal.o
    0x08006968   0x08006968   0x00000050   Code   RO          705    i.HAL_MspInit       stm32f4xx_hal_msp.o
    0x080069b8   0x080069b8   0x00000044   Code   RO         4417    i.HAL_NVIC_DisableIRQ  stm32f4xx_hal_cortex.o
    0x080069fc   0x080069fc   0x00000020   Code   RO         4418    i.HAL_NVIC_EnableIRQ  stm32f4xx_hal_cortex.o
    0x08006a1c   0x08006a1c   0x0000007c   Code   RO         4424    i.HAL_NVIC_SetPriority  stm32f4xx_hal_cortex.o
    0x08006a98   0x08006a98   0x00000028   Code   RO         4425    i.HAL_NVIC_SetPriorityGrouping  stm32f4xx_hal_cortex.o
    0x08006ac0   0x08006ac0   0x00000180   Code   RO         3572    i.HAL_RCC_ClockConfig  stm32f4xx_hal_rcc.o
    0x08006c40   0x08006c40   0x0000000c   Code   RO         3577    i.HAL_RCC_GetHCLKFreq  stm32f4xx_hal_rcc.o
    0x08006c4c   0x08006c4c   0x00000020   Code   RO         3579    i.HAL_RCC_GetPCLK1Freq  stm32f4xx_hal_rcc.o
    0x08006c6c   0x08006c6c   0x00000020   Code   RO         3580    i.HAL_RCC_GetPCLK2Freq  stm32f4xx_hal_rcc.o
    0x08006c8c   0x08006c8c   0x000000b0   Code   RO         3581    i.HAL_RCC_GetSysClockFreq  stm32f4xx_hal_rcc.o
    0x08006d3c   0x08006d3c   0x00000448   Code   RO         3584    i.HAL_RCC_OscConfig  stm32f4xx_hal_rcc.o
    0x08007184   0x08007184   0x00000034   Code   RO         4429    i.HAL_SYSTICK_Config  stm32f4xx_hal_cortex.o
    0x080071b8   0x080071b8   0x00000002   Code   RO         3261    i.HAL_UART_ErrorCallback  stm32f4xx_hal_uart.o
    0x080071ba   0x080071ba   0x00000002   PAD
    0x080071bc   0x080071bc   0x0000014c   Code   RO         3264    i.HAL_UART_IRQHandler  stm32f4xx_hal_uart.o
    0x08007308   0x08007308   0x00000072   Code   RO         3265    i.HAL_UART_Init     stm32f4xx_hal_uart.o
    0x0800737a   0x0800737a   0x00000002   PAD
    0x0800737c   0x0800737c   0x00000094   Code   RO          576    i.HAL_UART_MspInit  usart.o
    0x08007410   0x08007410   0x00000070   Code   RO         3270    i.HAL_UART_Receive_IT  stm32f4xx_hal_uart.o
    0x08007480   0x08007480   0x00000024   Code   RO          316    i.HAL_UART_RxCpltCallback  board_resource.o
    0x080074a4   0x080074a4   0x000000d6   Code   RO         3273    i.HAL_UART_Transmit  stm32f4xx_hal_uart.o
    0x0800757a   0x0800757a   0x00000002   Code   RO         3276    i.HAL_UART_TxCpltCallback  stm32f4xx_hal_uart.o
    0x0800757c   0x0800757c   0x00000004   Code   RO          619    i.HardFault_Handler  stm32f4xx_it.o
    0x08007580   0x08007580   0x00000010   Code   RO          620    i.I2C2_EV_IRQHandler  stm32f4xx_it.o
    0x08007590   0x08007590   0x00000020   Code   RO          317    i.I2C_AcknowledgeConfig  board_resource.o
    0x080075b0   0x080075b0   0x0000001c   Code   RO         2761    i.I2C_ConvertOtherXferOptions  stm32f4xx_hal_i2c.o
    0x080075cc   0x080075cc   0x00000096   Code   RO         2762    i.I2C_DMAAbort      stm32f4xx_hal_i2c.o
    0x08007662   0x08007662   0x00000020   Code   RO          318    i.I2C_GenerateSTART  board_resource.o
    0x08007682   0x08007682   0x00000020   Code   RO          319    i.I2C_GenerateSTOP  board_resource.o
    0x080076a2   0x080076a2   0x00000002   PAD
    0x080076a4   0x080076a4   0x00000184   Code   RO         2765    i.I2C_ITError       stm32f4xx_hal_i2c.o
    0x08007828   0x08007828   0x00000126   Code   RO         2767    i.I2C_MasterReceive_BTF  stm32f4xx_hal_i2c.o
    0x0800794e   0x0800794e   0x000000a4   Code   RO         2768    i.I2C_MasterReceive_RXNE  stm32f4xx_hal_i2c.o
    0x080079f2   0x080079f2   0x000000a0   Code   RO         2771    i.I2C_MasterTransmit_BTF  stm32f4xx_hal_i2c.o
    0x08007a92   0x08007a92   0x0000014c   Code   RO         2772    i.I2C_MasterTransmit_TXE  stm32f4xx_hal_i2c.o
    0x08007bde   0x08007bde   0x0000002a   Code   RO         2773    i.I2C_Master_ADD10  stm32f4xx_hal_i2c.o
    0x08007c08   0x08007c08   0x00000268   Code   RO         2774    i.I2C_Master_ADDR   stm32f4xx_hal_i2c.o
    0x08007e70   0x08007e70   0x00000096   Code   RO         2775    i.I2C_Master_SB     stm32f4xx_hal_i2c.o
    0x08007f06   0x08007f06   0x00000016   Code   RO          320    i.I2C_ReadRegister  board_resource.o
    0x08007f1c   0x08007f1c   0x00000012   Code   RO          321    i.I2C_Send7bitAddress  board_resource.o
    0x08007f2e   0x08007f2e   0x0000001a   Code   RO         2778    i.I2C_SlaveReceive_BTF  stm32f4xx_hal_i2c.o
    0x08007f48   0x08007f48   0x00000046   Code   RO         2779    i.I2C_SlaveReceive_RXNE  stm32f4xx_hal_i2c.o
    0x08007f8e   0x08007f8e   0x0000001a   Code   RO         2780    i.I2C_SlaveTransmit_BTF  stm32f4xx_hal_i2c.o
    0x08007fa8   0x08007fa8   0x00000046   Code   RO         2781    i.I2C_SlaveTransmit_TXE  stm32f4xx_hal_i2c.o
    0x08007fee   0x08007fee   0x00000066   Code   RO         2782    i.I2C_Slave_ADDR    stm32f4xx_hal_i2c.o
    0x08008054   0x08008054   0x0000018c   Code   RO         2784    i.I2C_Slave_STOPF   stm32f4xx_hal_i2c.o
    0x080081e0   0x080081e0   0x00000028   Code   RO          322    i.I2C_SoftwareResetCmd  board_resource.o
    0x08008208   0x08008208   0x00000138   Code   RO          323    i.I2Cx_TIMEOUT_UserCallback  board_resource.o
    0x08008340   0x08008340   0x0000008c   Code   RO          509    i.MX_GPIO_Init      gpio.o
    0x080083cc   0x080083cc   0x0000003c   Code   RO          535    i.MX_I2C2_Init      i2c.o
    0x08008408   0x08008408   0x00000038   Code   RO          577    i.MX_USART2_UART_Init  usart.o
    0x08008440   0x08008440   0x00000004   Code   RO          621    i.MemManage_Handler  stm32f4xx_it.o
    0x08008444   0x08008444   0x00000002   Code   RO          622    i.NMI_Handler       stm32f4xx_it.o
    0x08008446   0x08008446   0x00000002   Code   RO          623    i.PendSV_Handler    stm32f4xx_it.o
    0x08008448   0x08008448   0x000003d0   Code   RO          324    i.ST_Sensors_I2C_ReadRegister  board_resource.o
    0x08008818   0x08008818   0x0000014c   Code   RO          325    i.ST_Sensors_I2C_WriteRegister  board_resource.o
    0x08008964   0x08008964   0x00000002   Code   RO          624    i.SVC_Handler       stm32f4xx_it.o
    0x08008966   0x08008966   0x0000004c   Code   RO          326    i.Sensors_I2C_ReadRegister  board_resource.o
    0x080089b2   0x080089b2   0x00000002   PAD
    0x080089b4   0x080089b4   0x0000005c   Code   RO          327    i.Sensors_I2C_WriteRegister  board_resource.o
    0x08008a10   0x08008a10   0x00000008   Code   RO          625    i.SysTick_Handler   stm32f4xx_it.o
    0x08008a18   0x08008a18   0x000000bc   Code   RO          461    i.SystemClock_Config  main.o
    0x08008ad4   0x08008ad4   0x00000064   Code   RO          730    i.SystemInit        system_stm32f4xx.o
    0x08008b38   0x08008b38   0x00000014   Code   RO         3278    i.UART_DMAAbortOnError  stm32f4xx_hal_uart.o
    0x08008b4c   0x08008b4c   0x00000020   Code   RO         3288    i.UART_EndRxTransfer  stm32f4xx_hal_uart.o
    0x08008b6c   0x08008b6c   0x00000020   Code   RO         3289    i.UART_EndTransmit_IT  stm32f4xx_hal_uart.o
    0x08008b8c   0x08008b8c   0x000000a6   Code   RO         3291    i.UART_Receive_IT   stm32f4xx_hal_uart.o
    0x08008c32   0x08008c32   0x00000002   PAD
    0x08008c34   0x08008c34   0x00000368   Code   RO         3292    i.UART_SetConfig    stm32f4xx_hal_uart.o
    0x08008f9c   0x08008f9c   0x00000068   Code   RO         3293    i.UART_Transmit_IT  stm32f4xx_hal_uart.o
    0x08009004   0x08009004   0x0000006c   Code   RO         3294    i.UART_WaitOnFlagUntilTimeout  stm32f4xx_hal_uart.o
    0x08009070   0x08009070   0x00000010   Code   RO          626    i.USART2_IRQHandler  stm32f4xx_it.o
    0x08009080   0x08009080   0x00000004   Code   RO          627    i.UsageFault_Handler  stm32f4xx_it.o
    0x08009084   0x08009084   0x000000d0   Code   RO         1309    i._MLPrintLog       log_stm32.o
    0x08009154   0x08009154   0x00000020   Code   RO         5501    i.__0printf         mc_w.l(printfa.o)
    0x08009174   0x08009174   0x00000024   Code   RO         5507    i.__0vsprintf       mc_w.l(printfa.o)
    0x08009198   0x08009198   0x00000030   Code   RO         5567    i.__ARM_fpclassify  m_wm.l(fpclassify.o)
    0x080091c8   0x080091c8   0x00000026   Code   RO         5569    i.__ARM_fpclassifyf  m_wm.l(fpclassifyf.o)
    0x080091ee   0x080091ee   0x00000002   PAD
    0x080091f0   0x080091f0   0x00000010   Code   RO         4431    i.__NVIC_GetPriorityGrouping  stm32f4xx_hal_cortex.o
    0x08009200   0x08009200   0x00000028   Code   RO         4432    i.__NVIC_SetPriority  stm32f4xx_hal_cortex.o
    0x08009228   0x08009228   0x00000118   Code   RO         5051    i.__hardfp_acosf    m_wm.l(acosf.o)
    0x08009340   0x08009340   0x00000250   Code   RO         5115    i.__hardfp_atan2f   m_wm.l(atan2f.o)
    0x08009590   0x08009590   0x000000c8   Code   RO         5133    i.__hardfp_cos      m_wm.l(cos.o)
    0x08009658   0x08009658   0x00000150   Code   RO         5145    i.__hardfp_cosf     m_wm.l(cosf.o)
    0x080097a8   0x080097a8   0x00000014   Code   RO         5157    i.__hardfp_fabs     m_wm.l(fabs.o)
    0x080097bc   0x080097bc   0x00000004   PAD
    0x080097c0   0x080097c0   0x000003c4   Code   RO         5169    i.__hardfp_log      m_wm.l(log.o)
    0x08009b84   0x08009b84   0x00000190   Code   RO         5209    i.__hardfp_sinf     m_wm.l(sinf.o)
    0x08009d14   0x08009d14   0x0000007a   Code   RO         5221    i.__hardfp_sqrt     m_wm.l(sqrt.o)
    0x08009d8e   0x08009d8e   0x0000003a   Code   RO         5233    i.__hardfp_sqrtf    m_wm.l(sqrtf.o)
    0x08009dc8   0x08009dc8   0x00000438   Code   RO         5588    i.__ieee754_rem_pio2  m_wm.l(rred.o)
    0x0800a200   0x0800a200   0x00000170   Code   RO         5550    i.__kernel_cos      m_wm.l(cos_i.o)
    0x0800a370   0x0800a370   0x000000f8   Code   RO         5585    i.__kernel_poly     m_wm.l(poly.o)
    0x0800a468   0x0800a468   0x00000130   Code   RO         5596    i.__kernel_sin      m_wm.l(sin_i.o)
    0x0800a598   0x0800a598   0x00000030   Code   RO         5553    i.__mathlib_dbl_divzero  m_wm.l(dunder.o)
    0x0800a5c8   0x0800a5c8   0x00000014   Code   RO         5554    i.__mathlib_dbl_infnan  m_wm.l(dunder.o)
    0x0800a5dc   0x0800a5dc   0x00000004   PAD
    0x0800a5e0   0x0800a5e0   0x00000020   Code   RO         5556    i.__mathlib_dbl_invalid  m_wm.l(dunder.o)
    0x0800a600   0x0800a600   0x00000020   Code   RO         5559    i.__mathlib_dbl_underflow  m_wm.l(dunder.o)
    0x0800a620   0x0800a620   0x00000006   Code   RO         5572    i.__mathlib_flt_infnan  m_wm.l(funder.o)
    0x0800a626   0x0800a626   0x00000006   Code   RO         5573    i.__mathlib_flt_infnan2  m_wm.l(funder.o)
    0x0800a62c   0x0800a62c   0x00000010   Code   RO         5574    i.__mathlib_flt_invalid  m_wm.l(funder.o)
    0x0800a63c   0x0800a63c   0x00000010   Code   RO         5577    i.__mathlib_flt_underflow  m_wm.l(funder.o)
    0x0800a64c   0x0800a64c   0x00000154   Code   RO         5593    i.__mathlib_rredf2  m_wm.l(rredf.o)
    0x0800a7a0   0x0800a7a0   0x00000034   Code   RO         2364    i.__print_result_location  mpl.o
    0x0800a7d4   0x0800a7d4   0x0000000e   Code   RO         5647    i.__scatterload_copy  mc_w.l(handlers.o)
    0x0800a7e2   0x0800a7e2   0x00000002   Code   RO         5648    i.__scatterload_null  mc_w.l(handlers.o)
    0x0800a7e4   0x0800a7e4   0x0000000e   Code   RO         5649    i.__scatterload_zeroinit  mc_w.l(handlers.o)
    0x0800a7f2   0x0800a7f2   0x00000002   PAD
    0x0800a7f4   0x0800a7f4   0x0000000c   Code   RO         5623    i.__set_errno       mc_w.l(errno.o)
    0x0800a800   0x0800a800   0x00000184   Code   RO         5508    i._fp_digits        mc_w.l(printfa.o)
    0x0800a984   0x0800a984   0x000006dc   Code   RO         5509    i._printf_core      mc_w.l(printfa.o)
    0x0800b060   0x0800b060   0x00000024   Code   RO         5510    i._printf_post_padding  mc_w.l(printfa.o)
    0x0800b084   0x0800b084   0x0000002e   Code   RO         5511    i._printf_pre_padding  mc_w.l(printfa.o)
    0x0800b0b2   0x0800b0b2   0x0000000a   Code   RO         5513    i._sputc            mc_w.l(printfa.o)
    0x0800b0bc   0x0800b0bc   0x00000654   Code   RO          766    i.accel_6500_self_test  inv_mpu.o
    0x0800b710   0x0800b710   0x0000008c   Code   RO           13    i.android_orient_cb  arch.o
    0x0800b79c   0x0800b79c   0x00000414   Code   RO           14    i.arch              arch.o
    0x0800bbb0   0x0800bbb0   0x0000014c   Code   RO          767    i.compass_self_test  inv_mpu.o
    0x0800bcfc   0x0800bcfc   0x00000064   Code   RO         1115    i.decode_gesture    inv_mpu_dmp_motion_driver.o
    0x0800bd60   0x0800bd60   0x0000003c   Code   RO         1116    i.dmp_enable_6x_lp_quat  inv_mpu_dmp_motion_driver.o
    0x0800bd9c   0x0800bd9c   0x0000021c   Code   RO         1117    i.dmp_enable_feature  inv_mpu_dmp_motion_driver.o
    0x0800bfb8   0x0800bfb8   0x00000058   Code   RO         1118    i.dmp_enable_gyro_cal  inv_mpu_dmp_motion_driver.o
    0x0800c010   0x0800c010   0x0000003c   Code   RO         1119    i.dmp_enable_lp_quat  inv_mpu_dmp_motion_driver.o
    0x0800c04c   0x0800c04c   0x00000010   Code   RO         1121    i.dmp_get_fifo_rate  inv_mpu_dmp_motion_driver.o
    0x0800c05c   0x0800c05c   0x00000042   Code   RO         1122    i.dmp_get_pedometer_step_count  inv_mpu_dmp_motion_driver.o
    0x0800c09e   0x0800c09e   0x00000048   Code   RO         1123    i.dmp_get_pedometer_walk_time  inv_mpu_dmp_motion_driver.o
    0x0800c0e6   0x0800c0e6   0x00000002   PAD
    0x0800c0e8   0x0800c0e8   0x00000018   Code   RO         1124    i.dmp_load_motion_driver_firmware  inv_mpu_dmp_motion_driver.o
    0x0800c100   0x0800c100   0x000001cc   Code   RO         1125    i.dmp_read_fifo     inv_mpu_dmp_motion_driver.o
    0x0800c2cc   0x0800c2cc   0x00000010   Code   RO         1126    i.dmp_register_android_orient_cb  inv_mpu_dmp_motion_driver.o
    0x0800c2dc   0x0800c2dc   0x00000010   Code   RO         1127    i.dmp_register_tap_cb  inv_mpu_dmp_motion_driver.o
    0x0800c2ec   0x0800c2ec   0x00000070   Code   RO         1129    i.dmp_set_fifo_rate  inv_mpu_dmp_motion_driver.o
    0x0800c35c   0x0800c35c   0x0000005c   Code   RO         1131    i.dmp_set_interrupt_mode  inv_mpu_dmp_motion_driver.o
    0x0800c3b8   0x0800c3b8   0x00000138   Code   RO         1132    i.dmp_set_orientation  inv_mpu_dmp_motion_driver.o
    0x0800c4f0   0x0800c4f0   0x0000002a   Code   RO         1133    i.dmp_set_pedometer_step_count  inv_mpu_dmp_motion_driver.o
    0x0800c51a   0x0800c51a   0x00000030   Code   RO         1134    i.dmp_set_pedometer_walk_time  inv_mpu_dmp_motion_driver.o
    0x0800c54a   0x0800c54a   0x00000038   Code   RO         1135    i.dmp_set_shake_reject_thresh  inv_mpu_dmp_motion_driver.o
    0x0800c582   0x0800c582   0x00000026   Code   RO         1136    i.dmp_set_shake_reject_time  inv_mpu_dmp_motion_driver.o
    0x0800c5a8   0x0800c5a8   0x00000026   Code   RO         1137    i.dmp_set_shake_reject_timeout  inv_mpu_dmp_motion_driver.o
    0x0800c5ce   0x0800c5ce   0x00000046   Code   RO         1138    i.dmp_set_tap_axes  inv_mpu_dmp_motion_driver.o
    0x0800c614   0x0800c614   0x00000026   Code   RO         1139    i.dmp_set_tap_count  inv_mpu_dmp_motion_driver.o
    0x0800c63a   0x0800c63a   0x00000002   PAD
    0x0800c63c   0x0800c63c   0x000001c0   Code   RO         1140    i.dmp_set_tap_thresh  inv_mpu_dmp_motion_driver.o
    0x0800c7fc   0x0800c7fc   0x00000026   Code   RO         1141    i.dmp_set_tap_time  inv_mpu_dmp_motion_driver.o
    0x0800c822   0x0800c822   0x00000026   Code   RO         1142    i.dmp_set_tap_time_multi  inv_mpu_dmp_motion_driver.o
    0x0800c848   0x0800c848   0x0000019c   Code   RO         1310    i.eMPL_send_data    log_stm32.o
    0x0800c9e4   0x0800c9e4   0x000000c4   Code   RO         1311    i.eMPL_send_quat    log_stm32.o
    0x0800caa8   0x0800caa8   0x00000018   Code   RO         5159    i.fabs              m_wm.l(fabs.o)
    0x0800cac0   0x0800cac0   0x0000001c   Code   RO          462    i.fputc             main.o
    0x0800cadc   0x0800cadc   0x0000067c   Code   RO          768    i.get_st_6500_biases  inv_mpu.o
    0x0800d158   0x0800d158   0x0000000e   Code   RO          329    i.get_tick_count    board_resource.o
    0x0800d166   0x0800d166   0x00000002   PAD
    0x0800d168   0x0800d168   0x000005f8   Code   RO          770    i.gyro_6500_self_test  inv_mpu.o
    0x0800d760   0x0800d760   0x00000414   Code   RO           16    i.handle_input      arch.o
    0x0800db74   0x0800db74   0x0000000c   Code   RO         1430    i.inv_accel_was_turned_off  data_builder.o
    0x0800db80   0x0800db80   0x0000006a   Code   RO         1431    i.inv_apply_calibration  data_builder.o
    0x0800dbea   0x0800dbea   0x00000002   PAD
    0x0800dbec   0x0800dbec   0x0000008c   Code   RO         1432    i.inv_build_accel   data_builder.o
    0x0800dc78   0x0800dc78   0x000000b0   Code   RO         1433    i.inv_build_compass  data_builder.o
    0x0800dd28   0x0800dd28   0x00000038   Code   RO         1434    i.inv_build_gyro    data_builder.o
    0x0800dd60   0x0800dd60   0x00000040   Code   RO         1435    i.inv_build_quat    data_builder.o
    0x0800dda0   0x0800dda0   0x0000002c   Code   RO         1436    i.inv_build_temp    data_builder.o
    0x0800ddcc   0x0800ddcc   0x000000b0   Code   RO         2007    i.inv_compass_angle  ml_math_func.o
    0x0800de7c   0x0800de7c   0x00000010   Code   RO         1437    i.inv_compass_was_turned_off  data_builder.o
    0x0800de8c   0x0800de8c   0x00000072   Code   RO         2009    i.inv_convert_to_body_with_scale  ml_math_func.o
    0x0800defe   0x0800defe   0x00000002   PAD
    0x0800df00   0x0800df00   0x00000050   Code   RO         1438    i.inv_db_load_func  data_builder.o
    0x0800df50   0x0800df50   0x00000018   Code   RO         1439    i.inv_db_save_func  data_builder.o
    0x0800df68   0x0800df68   0x00000010   Code   RO         1440    i.inv_disable_compass_soft_iron_matrix  data_builder.o
    0x0800df78   0x0800df78   0x0000001c   Code   RO         1346    i.inv_enable_eMPL_outputs  empl_outputs.o
    0x0800df94   0x0800df94   0x00000020   Code   RO         2399    i.inv_enable_results_holder  results_holder.o
    0x0800dfb4   0x0800dfb4   0x0000002c   Code   RO         2634    i.inv_execute_mpl_start_notification  start_manager.o
    0x0800dfe0   0x0800dfe0   0x000000a0   Code   RO         1442    i.inv_execute_on_data  data_builder.o
    0x0800e080   0x0800e080   0x000000f0   Code   RO         1347    i.inv_generate_eMPL_outputs  empl_outputs.o
    0x0800e170   0x0800e170   0x00000010   Code   RO         2400    i.inv_generate_results  results_holder.o
    0x0800e180   0x0800e180   0x00000018   Code   RO         2401    i.inv_get_6axis_quaternion  results_holder.o
    0x0800e198   0x0800e198   0x0000000c   Code   RO         2402    i.inv_get_acc_state  results_holder.o
    0x0800e1a4   0x0800e1a4   0x0000000c   Code   RO         1443    i.inv_get_accel_accuracy  data_builder.o
    0x0800e1b0   0x0800e1b0   0x00000010   Code   RO         1445    i.inv_get_accel_on  data_builder.o
    0x0800e1c0   0x0800e1c0   0x0000002c   Code   RO         1449    i.inv_get_accel_set  data_builder.o
    0x0800e1ec   0x0800e1ec   0x00000018   Code   RO         1450    i.inv_get_compass_bias  data_builder.o
    0x0800e204   0x0800e204   0x00000018   Code   RO         2406    i.inv_get_compass_correction  results_holder.o
    0x0800e21c   0x0800e21c   0x00000010   Code   RO         1452    i.inv_get_compass_on  data_builder.o
    0x0800e22c   0x0800e22c   0x00000044   Code   RO         1455    i.inv_get_compass_set  data_builder.o
    0x0800e270   0x0800e270   0x0000001c   Code   RO         1459    i.inv_get_compass_soft_iron_output_data  data_builder.o
    0x0800e28c   0x0800e28c   0x0000000c   Code   RO         2407    i.inv_get_compass_state  results_holder.o
    0x0800e298   0x0800e298   0x00000060   Code   RO         2408    i.inv_get_gravity   results_holder.o
    0x0800e2f8   0x0800e2f8   0x00000010   Code   RO         1460    i.inv_get_gyro      data_builder.o
    0x0800e308   0x0800e308   0x0000000c   Code   RO         1461    i.inv_get_gyro_accuracy  data_builder.o
    0x0800e314   0x0800e314   0x00000024   Code   RO         1462    i.inv_get_gyro_bias  data_builder.o
    0x0800e338   0x0800e338   0x00000020   Code   RO         1463    i.inv_get_gyro_bias_tc_set  data_builder.o
    0x0800e358   0x0800e358   0x00000010   Code   RO         1464    i.inv_get_gyro_on   data_builder.o
    0x0800e368   0x0800e368   0x00000028   Code   RO         1468    i.inv_get_gyro_set  data_builder.o
    0x0800e390   0x0800e390   0x0000001c   Code   RO         2013    i.inv_get_gyro_sum_of_sqr  ml_math_func.o
    0x0800e3ac   0x0800e3ac   0x0000000c   Code   RO         2411    i.inv_get_large_mag_field  results_holder.o
    0x0800e3b8   0x0800e3b8   0x00000068   Code   RO         1470    i.inv_get_last_timestamp  data_builder.o
    0x0800e420   0x0800e420   0x0000003c   Code   RO         2412    i.inv_get_linear_accel  results_holder.o
    0x0800e45c   0x0800e45c   0x00000044   Code   RO         2413    i.inv_get_linear_accel_float  results_holder.o
    0x0800e4a0   0x0800e4a0   0x00000010   Code   RO         2414    i.inv_get_local_field  results_holder.o
    0x0800e4b0   0x0800e4b0   0x0000001c   Code   RO         1471    i.inv_get_mag_accuracy  data_builder.o
    0x0800e4cc   0x0800e4cc   0x00000014   Code   RO         1981    i.inv_get_message_level_0  message_layer.o
    0x0800e4e0   0x0800e4e0   0x00000014   Code   RO         2416    i.inv_get_motion_state  results_holder.o
    0x0800e4f4   0x0800e4f4   0x0000003c   Code   RO         2417    i.inv_get_quaternion  results_holder.o
    0x0800e530   0x0800e530   0x00000044   Code   RO         2419    i.inv_get_quaternion_set  results_holder.o
    0x0800e574   0x0800e574   0x00000028   Code   RO         1348    i.inv_get_sensor_type_accel  empl_outputs.o
    0x0800e59c   0x0800e59c   0x00000028   Code   RO         1349    i.inv_get_sensor_type_compass  empl_outputs.o
    0x0800e5c4   0x0800e5c4   0x00000268   Code   RO         1350    i.inv_get_sensor_type_euler  empl_outputs.o
    0x0800e82c   0x0800e82c   0x00000070   Code   RO         1883    i.inv_get_sensor_type_gravity  hal_outputs.o
    0x0800e89c   0x0800e89c   0x00000028   Code   RO         1351    i.inv_get_sensor_type_gyro  empl_outputs.o
    0x0800e8c4   0x0800e8c4   0x000000c8   Code   RO         1352    i.inv_get_sensor_type_heading  empl_outputs.o
    0x0800e98c   0x0800e98c   0x00000080   Code   RO         1886    i.inv_get_sensor_type_linear_acceleration  hal_outputs.o
    0x0800ea0c   0x0800ea0c   0x00000024   Code   RO         1353    i.inv_get_sensor_type_quat  empl_outputs.o
    0x0800ea30   0x0800ea30   0x00000028   Code   RO         1354    i.inv_get_sensor_type_rot_mat  empl_outputs.o
    0x0800ea58   0x0800ea58   0x0000000c   Code   RO         2421    i.inv_got_compass_bias  results_holder.o
    0x0800ea64   0x0800ea64   0x0000000c   Code   RO         1473    i.inv_gyro_was_turned_off  data_builder.o
    0x0800ea70   0x0800ea70   0x0000003c   Code   RO         1474    i.inv_init_data_builder  data_builder.o
    0x0800eaac   0x0800eaac   0x00000014   Code   RO         1355    i.inv_init_eMPL_outputs  empl_outputs.o
    0x0800eac0   0x0800eac0   0x0000008c   Code   RO         2366    i.inv_init_mpl      mpl.o
    0x0800eb4c   0x0800eb4c   0x0000003c   Code   RO         2422    i.inv_init_results_holder  results_holder.o
    0x0800eb88   0x0800eb88   0x00000014   Code   RO         2635    i.inv_init_start_manager  start_manager.o
    0x0800eb9c   0x0800eb9c   0x00000018   Code   RO         2668    i.inv_init_storage_manager  storage_manager.o
    0x0800ebb4   0x0800ebb4   0x00000028   Code   RO         2022    i.inv_orientation_matrix_to_scalar  ml_math_func.o
    0x0800ebdc   0x0800ebdc   0x00000012   Code   RO         2023    i.inv_q29_mult      ml_math_func.o
    0x0800ebee   0x0800ebee   0x00000012   Code   RO         2025    i.inv_q30_mult      ml_math_func.o
    0x0800ec00   0x0800ec00   0x00000018   Code   RO         2027    i.inv_q30_to_float  ml_math_func.o
    0x0800ec18   0x0800ec18   0x00000024   Code   RO         2028    i.inv_q_add         ml_math_func.o
    0x0800ec3c   0x0800ec3c   0x00000042   Code   RO         2029    i.inv_q_addf        ml_math_func.o
    0x0800ec7e   0x0800ec7e   0x00000018   Code   RO         2030    i.inv_q_invert      ml_math_func.o
    0x0800ec96   0x0800ec96   0x0000002e   Code   RO         2031    i.inv_q_invertf     ml_math_func.o
    0x0800ecc4   0x0800ecc4   0x000000b2   Code   RO         2032    i.inv_q_mult        ml_math_func.o
    0x0800ed76   0x0800ed76   0x000000d2   Code   RO         2033    i.inv_q_multf       ml_math_func.o
    0x0800ee48   0x0800ee48   0x000000a8   Code   RO         2034    i.inv_q_norm4       ml_math_func.o
    0x0800eef0   0x0800eef0   0x00000134   Code   RO         2036    i.inv_q_normalizef  ml_math_func.o
    0x0800f024   0x0800f024   0x00000042   Code   RO         2037    i.inv_q_rotate      ml_math_func.o
    0x0800f066   0x0800f066   0x00000002   PAD
    0x0800f068   0x0800f068   0x00000010   Code   RO         1476    i.inv_quaternion_sensor_was_turned_off  data_builder.o
    0x0800f078   0x0800f078   0x000000da   Code   RO         2039    i.inv_quaternion_to_rotation  ml_math_func.o
    0x0800f152   0x0800f152   0x00000002   PAD
    0x0800f154   0x0800f154   0x000000f8   Code   RO         1477    i.inv_register_data_cb  data_builder.o
    0x0800f24c   0x0800f24c   0x00000090   Code   RO         2670    i.inv_register_load_store  storage_manager.o
    0x0800f2dc   0x0800f2dc   0x0000002c   Code   RO         2636    i.inv_register_mpl_start_notification  start_manager.o
    0x0800f308   0x0800f308   0x00000058   Code   RO         1478    i.inv_reset_compass_soft_iron_matrix  data_builder.o
    0x0800f360   0x0800f360   0x0000004e   Code   RO         2041    i.inv_row_2_scale   ml_math_func.o
    0x0800f3ae   0x0800f3ae   0x00000002   PAD
    0x0800f3b0   0x0800f3b0   0x00000024   Code   RO         1479    i.inv_set_accel_accuracy  data_builder.o
    0x0800f3d4   0x0800f3d4   0x0000004c   Code   RO         1481    i.inv_set_accel_bias  data_builder.o
    0x0800f420   0x0800f420   0x0000000c   Code   RO         2425    i.inv_set_accel_bias_found  results_holder.o
    0x0800f42c   0x0800f42c   0x00000060   Code   RO         1482    i.inv_set_accel_bias_mask  data_builder.o
    0x0800f48c   0x0800f48c   0x00000018   Code   RO         1483    i.inv_set_accel_orientation_and_scale  data_builder.o
    0x0800f4a4   0x0800f4a4   0x0000002c   Code   RO         1484    i.inv_set_accel_sample_rate  data_builder.o
    0x0800f4d0   0x0800f4d0   0x0000004c   Code   RO         1486    i.inv_set_compass_bias  data_builder.o
    0x0800f51c   0x0800f51c   0x00000014   Code   RO         2426    i.inv_set_compass_bias_error  results_holder.o
    0x0800f530   0x0800f530   0x0000000c   Code   RO         2427    i.inv_set_compass_bias_found  results_holder.o
    0x0800f53c   0x0800f53c   0x00000024   Code   RO         2428    i.inv_set_compass_correction  results_holder.o
    0x0800f560   0x0800f560   0x0000000c   Code   RO         1487    i.inv_set_compass_disturbance  data_builder.o
    0x0800f56c   0x0800f56c   0x00000018   Code   RO         1488    i.inv_set_compass_orientation_and_scale  data_builder.o
    0x0800f584   0x0800f584   0x00000030   Code   RO         1489    i.inv_set_compass_sample_rate  data_builder.o
    0x0800f5b4   0x0800f5b4   0x00000054   Code   RO         1490    i.inv_set_compass_soft_iron_input_data  data_builder.o
    0x0800f608   0x0800f608   0x0000000c   Code   RO         2429    i.inv_set_compass_state  results_holder.o
    0x0800f614   0x0800f614   0x00000120   Code   RO         1493    i.inv_set_contiguous  data_builder.o
    0x0800f734   0x0800f734   0x00000074   Code   RO         1495    i.inv_set_gyro_bias  data_builder.o
    0x0800f7a8   0x0800f7a8   0x00000018   Code   RO         1496    i.inv_set_gyro_orientation_and_scale  data_builder.o
    0x0800f7c0   0x0800f7c0   0x00000028   Code   RO         1497    i.inv_set_gyro_sample_rate  data_builder.o
    0x0800f7e8   0x0800f7e8   0x0000001c   Code   RO         1982    i.inv_set_message   message_layer.o
    0x0800f804   0x0800f804   0x00000050   Code   RO         2434    i.inv_set_motion_state  results_holder.o
    0x0800f854   0x0800f854   0x0000001c   Code   RO         1498    i.inv_set_quat_sample_rate  data_builder.o
    0x0800f870   0x0800f870   0x00000014   Code   RO         1356    i.inv_start_eMPL_outputs  empl_outputs.o
    0x0800f884   0x0800f884   0x00000048   Code   RO         2367    i.inv_start_mpl     mpl.o
    0x0800f8cc   0x0800f8cc   0x00000018   Code   RO         2435    i.inv_start_results_holder  results_holder.o
    0x0800f8e4   0x0800f8e4   0x00000024   Code   RO         2436    i.inv_store_gaming_quaternion  results_holder.o
    0x0800f908   0x0800f908   0x00000064   Code   RO         1500    i.inv_unregister_data_cb  data_builder.o
    0x0800f96c   0x0800f96c   0x00000060   Code   RO         2637    i.inv_unregister_mpl_start_notification  start_manager.o
    0x0800f9cc   0x0800f9cc   0x0000001c   Code   RO          463    i.main              main.o
    0x0800f9e8   0x0800f9e8   0x0000000c   Code   RO          330    i.mdelay            board_resource.o
    0x0800f9f4   0x0800f9f4   0x0000003e   Code   RO         2046    i.mlMatrixVectorMult  ml_math_func.o
    0x0800fa32   0x0800fa32   0x00000002   PAD
    0x0800fa34   0x0800fa34   0x00000070   Code   RO          771    i.mpu_configure_fifo  inv_mpu.o
    0x0800faa4   0x0800faa4   0x0000004c   Code   RO          772    i.mpu_get_accel_fsr  inv_mpu.o
    0x0800faf0   0x0800faf0   0x00000074   Code   RO          773    i.mpu_get_accel_reg  inv_mpu.o
    0x0800fb64   0x0800fb64   0x00000054   Code   RO          774    i.mpu_get_accel_sens  inv_mpu.o
    0x0800fbb8   0x0800fbb8   0x00000014   Code   RO          775    i.mpu_get_compass_fsr  inv_mpu.o
    0x0800fbcc   0x0800fbcc   0x000000d0   Code   RO          776    i.mpu_get_compass_reg  inv_mpu.o
    0x0800fc9c   0x0800fc9c   0x00000010   Code   RO          779    i.mpu_get_fifo_config  inv_mpu.o
    0x0800fcac   0x0800fcac   0x00000044   Code   RO          780    i.mpu_get_gyro_fsr  inv_mpu.o
    0x0800fcf0   0x0800fcf0   0x00000060   Code   RO          782    i.mpu_get_gyro_sens  inv_mpu.o
    0x0800fd50   0x0800fd50   0x00000050   Code   RO          784    i.mpu_get_lpf       inv_mpu.o
    0x0800fda0   0x0800fda0   0x00000020   Code   RO          786    i.mpu_get_sample_rate  inv_mpu.o
    0x0800fdc0   0x0800fdc0   0x0000009c   Code   RO          787    i.mpu_get_temperature  inv_mpu.o
    0x0800fe5c   0x0800fe5c   0x00000178   Code   RO          788    i.mpu_init          inv_mpu.o
    0x0800ffd4   0x0800ffd4   0x000000b8   Code   RO          789    i.mpu_load_firmware  inv_mpu.o
    0x0801008c   0x0801008c   0x0000011c   Code   RO          790    i.mpu_lp_accel_mode  inv_mpu.o
    0x080101a8   0x080101a8   0x00000264   Code   RO          791    i.mpu_lp_motion_interrupt  inv_mpu.o
    0x0801040c   0x0801040c   0x000001f8   Code   RO          795    i.mpu_read_fifo     inv_mpu.o
    0x08010604   0x08010604   0x000000c0   Code   RO          796    i.mpu_read_fifo_stream  inv_mpu.o
    0x080106c4   0x080106c4   0x00000080   Code   RO          797    i.mpu_read_mem      inv_mpu.o
    0x08010744   0x08010744   0x00000070   Code   RO          799    i.mpu_reg_dump      inv_mpu.o
    0x080107b4   0x080107b4   0x000001c8   Code   RO          800    i.mpu_reset_fifo    inv_mpu.o
    0x0801097c   0x0801097c   0x000002c0   Code   RO          801    i.mpu_run_6500_self_test  inv_mpu.o
    0x08010c3c   0x08010c3c   0x00000084   Code   RO          805    i.mpu_set_accel_fsr  inv_mpu.o
    0x08010cc0   0x08010cc0   0x0000014c   Code   RO          806    i.mpu_set_bypass    inv_mpu.o
    0x08010e0c   0x08010e0c   0x00000060   Code   RO          807    i.mpu_set_compass_sample_rate  inv_mpu.o
    0x08010e6c   0x08010e6c   0x00000090   Code   RO          808    i.mpu_set_dmp_state  inv_mpu.o
    0x08010efc   0x08010efc   0x00000088   Code   RO          810    i.mpu_set_gyro_fsr  inv_mpu.o
    0x08010f84   0x08010f84   0x0000006c   Code   RO          811    i.mpu_set_int_latched  inv_mpu.o
    0x08010ff0   0x08010ff0   0x00000084   Code   RO          813    i.mpu_set_lpf       inv_mpu.o
    0x08011074   0x08011074   0x000000b4   Code   RO          814    i.mpu_set_sample_rate  inv_mpu.o
    0x08011128   0x08011128   0x00000168   Code   RO          815    i.mpu_set_sensors   inv_mpu.o
    0x08011290   0x08011290   0x00000080   Code   RO          816    i.mpu_write_mem     inv_mpu.o
    0x08011310   0x08011310   0x000002b4   Code   RO           17    i.read_from_mpl     arch.o
    0x080115c4   0x080115c4   0x00000240   Code   RO           18    i.run_self_test     arch.o
    0x08011804   0x08011804   0x000000d4   Code   RO           19    i.send_status_compass  arch.o
    0x080118d8   0x080118d8   0x00000090   Code   RO          817    i.set_int_enable    inv_mpu.o
    0x08011968   0x08011968   0x00000006   Code   RO         1501    i.set_sensor_orientation_and_scale  data_builder.o
    0x0801196e   0x0801196e   0x00000002   PAD
    0x08011970   0x08011970   0x00000258   Code   RO          818    i.setup_compass     inv_mpu.o
    0x08011bc8   0x08011bc8   0x00000074   Code   RO           20    i.setup_gyro        arch.o
    0x08011c3c   0x08011c3c   0x0000003e   Code   RO         5235    i.sqrtf             m_wm.l(sqrtf.o)
    0x08011c7a   0x08011c7a   0x00000002   PAD
    0x08011c7c   0x08011c7c   0x000000ac   Code   RO           21    i.tap_cb            arch.o
    0x08011d28   0x08011d28   0x00000018   Data   RO          731    .constdata          system_stm32f4xx.o
    0x08011d40   0x08011d40   0x00000268   Data   RO          819    .constdata          inv_mpu.o
    0x08011fa8   0x08011fa8   0x00000bf6   Data   RO         1144    .constdata          inv_mpu_dmp_motion_driver.o
    0x08012b9e   0x08012b9e   0x0000002f   Data   RO         2368    .constdata          mpl.o
    0x08012bcd   0x08012bcd   0x00000003   PAD
    0x08012bd0   0x08012bd0   0x00000038   Data   RO         5172    .constdata          m_wm.l(log.o)
    0x08012c08   0x08012c08   0x00000030   Data   RO         5551    .constdata          m_wm.l(cos_i.o)
    0x08012c38   0x08012c38   0x00000008   Data   RO         5587    .constdata          m_wm.l(qnan.o)
    0x08012c40   0x08012c40   0x000000c8   Data   RO         5590    .constdata          m_wm.l(rred.o)
    0x08012d08   0x08012d08   0x00000020   Data   RO         5594    .constdata          m_wm.l(rredf.o)
    0x08012d28   0x08012d28   0x00000028   Data   RO         5597    .constdata          m_wm.l(sin_i.o)
    0x08012d50   0x08012d50   0x00000009   Data   RO           23    .conststring        arch.o
    0x08012d59   0x08012d59   0x00000003   PAD
    0x08012d5c   0x08012d5c   0x00000044   Data   RO         1503    .conststring        data_builder.o
    0x08012da0   0x08012da0   0x00000020   Data   RO         5645    Region$$Table       anon$$obj.o


    Execution Region RW_IRAM1 (Exec base: 0x20000000, Load base: 0x08012dc0, Size: 0x00001b68, Max: 0x00018000, ABSOLUTE)

    Exec Addr    Load Addr    Size         Type   Attr      Idx    E Section Name        Object

    0x20000000   0x08012dc0   0x0000001e   Data   RW           24    .data               arch.o
    0x2000001e   0x08012dde   0x00000004   Data   RW          331    .data               board_resource.o
    0x20000022   0x08012de2   0x00000002   PAD
    0x20000024   0x08012de4   0x00000004   Data   RW          732    .data               system_stm32f4xx.o
    0x20000028   0x08012de8   0x00000038   Data   RW          820    .data               inv_mpu.o
    0x20000060   0x08012e20   0x00000004   Data   RW         1312    .data               log_stm32.o
    0x20000064   0x08012e24   0x00000004   Data   RW         1983    .data               message_layer.o
    0x20000068   0x08012e28   0x00000009   Data   RW         4580    .data               stm32f4xx_hal.o
    0x20000071   0x08012e31   0x00000003   PAD
    0x20000074   0x08012e34   0x00000010   Data   RW         4807    .data               libmpllib.lib(compass_vec_cal.o)
    0x20000084   0x08012e44   0x00000004   Data   RW         5616    .data               mc_w.l(stdout.o)
    0x20000088   0x08012e48   0x00000004   Data   RW         5624    .data               mc_w.l(errno.o)
    0x2000008c        -       0x00000024   Zero   RW           22    .bss                arch.o
    0x200000b0        -       0x00000054   Zero   RW          536    .bss                i2c.o
    0x20000104        -       0x00000040   Zero   RW          578    .bss                usart.o
    0x20000144        -       0x00000010   Zero   RW         1143    .bss                inv_mpu_dmp_motion_driver.o
    0x20000154        -       0x00000028   Zero   RW         1358    .bss                empl_outputs.o
    0x2000017c        -       0x000002d8   Zero   RW         1502    .bss                data_builder.o
    0x20000454        -       0x000000c4   Zero   RW         1893    .bss                hal_outputs.o
    0x20000518        -       0x00000088   Zero   RW         2437    .bss                results_holder.o
    0x200005a0        -       0x00000054   Zero   RW         2638    .bss                start_manager.o
    0x200005f4        -       0x00000198   Zero   RW         2672    .bss                storage_manager.o
    0x2000078c   0x08012e4c   0x00000004   PAD
    0x20000790        -       0x00000460   Zero   RW         4806    .bss                libmpllib.lib(compass_vec_cal.o)
    0x20000bf0        -       0x000002a0   Zero   RW         4896    .bss                libmpllib.lib(fast_no_motion.o)
    0x20000e90        -       0x00000138   Zero   RW         4929    .bss                libmpllib.lib(fusion_9axis.o)
    0x20000fc8        -       0x000001c4   Zero   RW         4951    .bss                libmpllib.lib(gyro_tc.o)
    0x2000118c        -       0x000000b8   Zero   RW         4969    .bss                libmpllib.lib(mag_disturb.o)
    0x20001244        -       0x0000006c   Zero   RW         4991    .bss                libmpllib.lib(quaternion_supervisor.o)
    0x200012b0        -       0x000004b8   Zero   RW         5009    .bss                libmpllib.lib(accel_auto_cal.o)
    0x20001768        -       0x00000400   Zero   RW            1    STACK               startup_stm32f401xe.o


==============================================================================

Image component sizes


      Code (inc. data)   RO Data    RW Data    ZI Data      Debug   Object Name

      3996        728          9         30         36     409854   arch.o
      2038         62          0          4          0      13357   board_resource.o
      2932        348         68          0        728      31319   data_builder.o
      1320         90          0          0         40       9318   empl_outputs.o
       140         12          0          0          0        879   gpio.o
       240         14          0          0        196       2860   hal_outputs.o
       296         40          0          0         84       2133   i2c.o
     12248       1620        616         56          0      39781   inv_mpu.o
      2888        166       3062          0         16      24983   inv_mpu_dmp_motion_driver.o
       816         32          0          4          0       3080   log_stm32.o
       246         16          0          0          0       3888   main.o
        48          8          0          4          0       1780   message_layer.o
      1878         24          0          0          0      14037   ml_math_func.o
       264         92         47          0          0       2500   mpl.o
       824        128          0          0        136      15481   results_holder.o
       204         20          0          0         84       3272   start_manager.o
        36          8        404          0       1024        824   startup_stm32f401xe.o
       212         36          0          9          0       5025   stm32f4xx_hal.o
       372         28          0          0          0      36009   stm32f4xx_hal_cortex.o
        48          0          0          0          0       1982   stm32f4xx_hal_dma.o
       780         62          0          0          0       2750   stm32f4xx_hal_gpio.o
      3986         38          0          0          0      23906   stm32f4xx_hal_i2c.o
        80          6          0          0          0        810   stm32f4xx_hal_msp.o
      1732         84          0          0          0       6052   stm32f4xx_hal_rcc.o
      2110         12          0          0          0      10871   stm32f4xx_hal_uart.o
        64         12          0          0          0       4971   stm32f4xx_it.o
       168         10          0          0        408       2425   storage_manager.o
       100         18         24          4          0       1175   system_stm32f4xx.o
       204         22          0          0         64       1606   usart.o

    ----------------------------------------------------------------------
     40306       3736       4268        116       2820     676928   Object Totals
         0          0         32          0          0          0   (incl. Generated)
        36          0          6          5          4          0   (incl. Padding)

    ----------------------------------------------------------------------

      Code (inc. data)   RO Data    RW Data    ZI Data      Debug   Library Member Name

      3140        190          0          0       1208       9672   accel_auto_cal.o
      9456        298          0         16       1120      19892   compass_vec_cal.o
      2584         42          0          0        672      13744   fast_no_motion.o
      1712         72          0          0        312       5636   fusion_9axis.o
      1220         32          0          0        452       5735   gyro_tc.o
      1472         48          0          0        184       7614   mag_disturb.o
      2452        130          0          0        108       5637   quaternion_supervisor.o
       280         46          0          0          0        176   acosf.o
       592         90          0          0          0        184   atan2f.o
       200         20          0          0          0        164   cos.o
       368         46         48          0          0        200   cos_i.o
       336         56          0          0          0        136   cosf.o
       132         36          0          0          0        496   dunder.o
        44          0          0          0          0        248   fabs.o
        48          0          0          0          0        124   fpclassify.o
        38          0          0          0          0        116   fpclassifyf.o
        44         12          0          0          0        464   funder.o
       964         92         56          0          0        316   log.o
       248          0          0          0          0        152   poly.o
         0          0          8          0          0          0   qnan.o
      1080        142        200          0          0        188   rred.o
       340         24         32          0          0        160   rredf.o
       304         24         40          0          0        208   sin_i.o
       400         56          0          0          0        212   sinf.o
       122          0          0          0          0        148   sqrt.o
       120          0          0          0          0        272   sqrtf.o
         0          0          0          0          0          0   entry.o
         0          0          0          0          0          0   entry10a.o
         0          0          0          0          0          0   entry11a.o
         8          4          0          0          0          0   entry2.o
         4          0          0          0          0          0   entry5.o
         0          0          0          0          0          0   entry7b.o
         0          0          0          0          0          0   entry8b.o
         8          4          0          0          0          0   entry9a.o
        12          6          0          4          0         68   errno.o
        30          0          0          0          0          0   handlers.o
        36          8          0          0          0         68   init.o
         0          0          0          0          0          0   iusefp.o
        98          0          0          0          0         84   ldiv.o
        30          0          0          0          0         68   llshl.o
        36          0          0          0          0         68   llsshr.o
        32          0          0          0          0         68   llushr.o
        26          0          0          0          0         80   memcmp.o
        64          0          0          0          0         76   memmovea.o
        36          0          0          0          0        108   memseta.o
      2304         96          0          0          0        600   printfa.o
         0          0          0          4          0          0   stdout.o
        44          0          0          0          0         80   uidiv.o
        98          0          0          0          0         92   uldiv.o
        48          0          0          0          0         68   cdcmple.o
        48          0          0          0          0         68   cdrcmple.o
        56          0          0          0          0         88   d2f.o
       334          0          0          0          0        148   dadd.o
       222          0          0          0          0        100   ddiv.o
       186          0          0          0          0        176   depilogue.o
        62          0          0          0          0         80   dfixi.o
        48          0          0          0          0         68   dfixul.o
        34          0          0          0          0         76   dflti.o
        26          0          0          0          0         76   dfltui.o
       228          0          0          0          0         96   dmul.o
       162          0          0          0          0        100   dsqrt.o
        38          0          0          0          0         68   f2d.o
       110          0          0          0          0        168   fepilogue.o
        66          0          0          0          0         76   ffixl.o
        44          0          0          0          0         92   ffltl.o

    ----------------------------------------------------------------------
     32290       1574        384         24       4056      74902   Library Totals
        16          0          0          0          0          0   (incl. Padding)

    ----------------------------------------------------------------------

      Code (inc. data)   RO Data    RW Data    ZI Data      Debug   Library Name

     22036        812          0         16       4056      67930   libmpllib.lib
      5660        644        384          0          0       3964   m_wm.l
      2866        118          0          8          0       1460   mc_w.l
      1712          0          0          0          0       1548   mf_w.l

    ----------------------------------------------------------------------
     32290       1574        384         24       4056      74902   Library Totals

    ----------------------------------------------------------------------

==============================================================================


      Code (inc. data)   RO Data    RW Data    ZI Data      Debug   

     72596       5310       4652        140       6876     717722   Grand Totals
     72596       5310       4652        140       6876     717722   ELF Image Totals
     72596       5310       4652        140          0          0   ROM Totals

==============================================================================

    Total RO  Size (Code + RO Data)                77248 (  75.44kB)
    Total RW  Size (RW Data + ZI Data)              7016 (   6.85kB)
    Total ROM Size (Code + RO Data + RW Data)      77388 (  75.57kB)

==============================================================================

